
SYMBOLS BY NAME

      80            CTL_IRQ_STACK_SIZE  
    4b8c CODE       _COMM_events        
    193c UDATA0     _COMM_evt           
    3108 ISR        _Port2_ISR          
    4f2a CODE       _Radio_Interrupt_Setup
    46e8 CODE       _Radio_Read_Burst_Registers
    4696 CODE       _Radio_Read_Registers
    4766 CODE       _Radio_Read_Status  
    47b4 CODE       _Radio_Strobe       
    482e CODE       _Radio_Write_Burst_Registers
    47ec CODE       _Radio_Write_Registers
    4888 CODE       _Reset_Radio        
    16c0 UDATA0     _RxTemp             
    4932 CODE       _TI_CC_Wait         
    16e4 UDATA0     _Tx1Buffer          
    16e2 UDATA0     _Tx1Buffer_Len      
    1104 IDATA0     _TxBufferPos        
    16e0 UDATA0     _TxBytesRemaining   
    31d6 ISR        _UC1_TX             
    320c ISR        _UC1_rx             
    6f58 CODE       _UCA1_CheckKey      
    6f3c CODE       _UCA1_Getc          
    1576 UDATA0     _UCA1_RxBuf         
    161a UDATA0     _UCA1_TxBuf         
    6f00 CODE       _UCA1_TxChar        
    6eae CODE       _UCA1_init_UART     
    4940 CODE       _Write_RF_Settings  
    3cb4 CONST      ___RAL_ascii_ctype_map
    777e CODE       ___RAL_ascii_mbtowc 
    77c4 CODE       ___RAL_ascii_wctomb 
    3e8e CONST      ___RAL_c_locale     
    3d8c CONST      ___RAL_c_locale_abbrev_day_names
    3e00 CONST      ___RAL_c_locale_abbrev_month_names
    3e31 CONST      ___RAL_c_locale_am_pm_indicator
    3e5c CONST      ___RAL_c_locale_data
    3e38 CONST      ___RAL_c_locale_date_format
    3e4a CONST      ___RAL_c_locale_date_time_format
    3d52 CONST      ___RAL_c_locale_day_names
    3da9 CONST      ___RAL_c_locale_month_names
    3e41 CONST      ___RAL_c_locale_time_format
    3d42 CONST      ___RAL_codeset_ascii
    3e5b CONST      ___RAL_data_empty_string
    3e59 CONST      ___RAL_data_utf8_period
    1110 IDATA0     ___RAL_global_locale
    747a CODE       ___RAL_global_locale_category
    3c8c CONST      ___RAL_hex_lc       
    3c7c CONST      ___RAL_hex_uc       
    7770 CODE       ___RAL_init_mbstate 
    73de CODE       ___RAL_isctype      
    71a2 CODE       ___RAL_pow10        
    737e CODE       ___RAL_pre_padding  
    7360 CODE       ___RAL_print_padding
    69a0 CODE       ___RAL_read_tp      
    1100            ___RAM_Address      
    2000            ___RAM_Size         
    1100            ___begin_IDATA0     
    1c5e            ___begin_THREAD     
    111a            ___begin_UDATA0     
     134            ___crt_mac          
     130            ___crt_mpy          
     138            ___crt_op2          
     13c            ___crt_reshi        
     13a            ___crt_reslo        
     13e            ___crt_sumext       
    715c CODE       ___digit            
    111a            ___end_IDATA0       
    1c60            ___end_THREAD       
    1c5e            ___end_UDATA0       
    7452 CODE       ___errno            
    7a34 CODE       ___float32_add      
    7c1e CODE       ___float32_div      
    7cf8 CODE       ___float32_eq       
    781c CODE       ___float32_isinf    
    7836 CODE       ___float32_isnan    
    7cdc CODE       ___float32_lt       
    7b32 CODE       ___float32_mul      
    3e96 CONST      ___float32_nan      
    784e CODE       ___float32_signbit  
    7b26 CODE       ___float32_sub      
    7982 CODE       ___float32_to_int64 
    3eaa CODE       ___getchar          
    6fa4 CODE       ___int16_div        
    6fca CODE       ___int16_mod        
    6ff0 CODE       ___int16_mul        
    6f74 CODE       ___int32_mul        
    7006 CODE       ___int64_lsl        
    7018 CODE       ___int64_lsr        
    62a8 CODE       ___printf_lock      
    62c4 CODE       ___printf_unlock    
    7316 CODE       ___putc             
    3e9a CODE       ___putchar          
    71f8 CODE       ___strtoul          
    3242 ISR        ___thunk_COMM_events
    32a4 ISR        ___thunk___RAL_ascii_mbtowc
    32a8 ISR        ___thunk___RAL_ascii_wctomb
    3100 ISR        ___thunk___putchar  
    31ca ISR        ___thunk_beaconCmd  
    31aa ISR        ___thunk_busCmd     
    31a6 ISR        ___thunk_clkCmd     
    31c2 ISR        ___thunk_gdoin_cmd  
    3288 ISR        ___thunk_helpCmd    
    31b2 ISR        ___thunk_offCmd     
    31ae ISR        ___thunk_onCmd      
    31d2 ISR        ___thunk_power_Cmd  
    31be ISR        ___thunk_readReg    
    31a2 ISR        ___thunk_resetCmd   
    31c6 ISR        ___thunk_spitest    
    3104 ISR        ___thunk_start_term 
    31b6 ISR        ___thunk_statusCmd  
    31ce ISR        ___thunk_streamCmd  
    31ba ISR        ___thunk_writeReg   
    7098 CODE       ___uint16_div       
    70b0 CODE       ___uint16_mod       
    70b8 CODE       ___uint32_div       
    70c2 CODE       ___uint32_divmod    
    70ea CODE       ___uint32_mod       
    70f8 CODE       ___uint64_div       
    7120 CODE       ___uint64_divmod    
    7078 CODE       ___uint64_mod       
    785e CODE       ___uint64_to_float32
    110e IDATA0     ___ungot            
    1c5c UDATA0     ___user_format_extender
    4f40 CODE       ___vfprintf         
    4f40 CODE       ___vfprintf_float_long
    73a8 CODE       _abs                
    73b8 CODE       _atoi               
    43d4 CODE       _beaconCmd          
    1100 IDATA0     _beacon_on          
    4068 CODE       _busCmd             
    3fd4 CODE       _clkCmd             
    331e CONST      _cmd_tbl            
    111a UDATA0     _comm_stack         
    1522 UDATA0     _comm_task          
    64cc CODE       _ctl_byte_queue_init
    689a CODE       _ctl_byte_queue_post
    6614 CODE       _ctl_byte_queue_post_multi
    67ba CODE       _ctl_byte_queue_post_multi_nb
    68ee CODE       _ctl_byte_queue_post_nb
    68c8 CODE       _ctl_byte_queue_receive
    66ec CODE       _ctl_byte_queue_receive_multi
    682a CODE       _ctl_byte_queue_receive_multi_nb
    6908 CODE       _ctl_byte_queue_receive_nb
    1950 UDATA0     _ctl_current_time   
    69ca CODE       _ctl_enter_isr      
    62d8 CODE       _ctl_events_init    
    646c CODE       _ctl_events_set_clear
    62ec CODE       _ctl_events_wait    
    69fe CODE       _ctl_exit_isr       
    6290 CODE       _ctl_get_current_time
    3f7c CODE       _ctl_handle_error   
    6216 CODE       _ctl_increment_tick_from_isr
    1955 UDATA0     _ctl_interrupt_count
    194c UDATA0     _ctl_last_schedule_time
    110c IDATA0     _ctl_libc_mutex     
    5f46 CODE       _ctl_private_add_to_task_list
    63e8 CODE       _ctl_private_events_schedule
    691c CODE       _ctl_private_get_stack_start
    6922 CODE       _ctl_private_get_thread_local_storage
    6928 CODE       _ctl_private_init_registers
    698a CODE       _ctl_private_init_thread_local_storage
    5f94 CODE       _ctl_private_remove_from_task_list
    5fce CODE       _ctl_private_reschedule
    69ae CODE       _ctl_private_reschedule_from_api_call
    1954 UDATA0     _ctl_reschedule_on_last_isr_exit
    616e CODE       _ctl_task_die       
    1956 UDATA0     _ctl_task_executing 
    60a6 CODE       _ctl_task_init      
    1958 UDATA0     _ctl_task_list      
    60e2 CODE       _ctl_task_run       
    6196 CODE       _ctl_task_set_priority
    194a UDATA0     _ctl_task_switch_callout
    110a IDATA0     _ctl_time_increment 
    61d4 CODE       _ctl_timeout_wait   
    1106 IDATA0     _ctl_timeslice_period
    1102 IDATA0     _data_mode          
    193e UDATA0     _data_seed          
    6b52 CODE       _doCmd              
    7fe0 CODE       _fabsf              
    7d9e CODE       _floor              
    7d9e CODE       _floorf             
    7e6e CODE       _fmod               
    7e6e CODE       _fmodf              
    8022 CODE       _frexp              
    42e6 CODE       _gdoin_cmd          
    745c CODE       _getchar            
    6aa0 CODE       _helpCmd            
    6be2 CODE       _hist_decr          
    6bd6 CODE       _hist_incr          
    155a UDATA0     _idle_task          
    3eb0 CODE       _initCLK            
    4610 CODE       _init_timerA        
    7440 CODE       _iscntrl            
    7420 CODE       _isdigit            
    740e CODE       _islower            
    7430 CODE       _isspace            
    73fc CODE       _isupper            
    7fe6 CODE       _ldexp              
    3eda CODE       _main               
    6a36 CODE       _make_args          
    77ec CODE       _memcpy             
    77fc CODE       _memset             
    7d08 CODE       _modff              
    4142 CODE       _offCmd             
    4132 CODE       _onCmd              
    44da CODE       _power_Cmd          
    754a CODE       _printf             
    7586 CODE       _puts               
    462c CODE       _radio_init         
    4242 CODE       _readReg            
    3fa0 CODE       _resetCmd           
    4384 CODE       _spitest            
    131e UDATA0     _stack1             
    3ecc CODE       _start_term         
    4624 CODE       _start_timerA       
    16de UDATA0     _state              
    1940 UDATA0     _status             
    4150 CODE       _statusCmd          
    75c0 CODE       _strcmp             
    75e0 CODE       _strcpy             
    4450 CODE       _streamCmd          
    780c CODE       _strlen             
    75f6 CODE       _strnlen            
    7610 CODE       _strtol             
    76bc CODE       _strtoul            
    3230 ISR        _task_tick          
    6bee CODE       _terminal           
    153e UDATA0     _terminal_task      
    4b46 CODE       _tx_data_gen        
    419c CODE       _writeReg           
    3b3e CONST      thread_init_begin   
    3b40 CONST      thread_init_end     


SYMBOLS BY VALUE

      80            CTL_IRQ_STACK_SIZE  
     130            ___crt_mpy          
     134            ___crt_mac          
     138            ___crt_op2          
     13a            ___crt_reslo        
     13c            ___crt_reshi        
     13e            ___crt_sumext       
    1100            ___begin_IDATA0     
    1100            ___RAM_Address      
    1100 IDATA0     _beacon_on          
    1102 IDATA0     _data_mode          
    1104 IDATA0     _TxBufferPos        
    1106 IDATA0     _ctl_timeslice_period
    110a IDATA0     _ctl_time_increment 
    110c IDATA0     _ctl_libc_mutex     
    110e IDATA0     ___ungot            
    1110 IDATA0     ___RAL_global_locale
    111a UDATA0     _comm_stack         
    111a            ___begin_UDATA0     
    111a            ___end_IDATA0       
    131e UDATA0     _stack1             
    1522 UDATA0     _comm_task          
    153e UDATA0     _terminal_task      
    155a UDATA0     _idle_task          
    1576 UDATA0     _UCA1_RxBuf         
    161a UDATA0     _UCA1_TxBuf         
    16c0 UDATA0     _RxTemp             
    16de UDATA0     _state              
    16e0 UDATA0     _TxBytesRemaining   
    16e2 UDATA0     _Tx1Buffer_Len      
    16e4 UDATA0     _Tx1Buffer          
    193c UDATA0     _COMM_evt           
    193e UDATA0     _data_seed          
    1940 UDATA0     _status             
    194a UDATA0     _ctl_task_switch_callout
    194c UDATA0     _ctl_last_schedule_time
    1950 UDATA0     _ctl_current_time   
    1954 UDATA0     _ctl_reschedule_on_last_isr_exit
    1955 UDATA0     _ctl_interrupt_count
    1956 UDATA0     _ctl_task_executing 
    1958 UDATA0     _ctl_task_list      
    1c5c UDATA0     ___user_format_extender
    1c5e            ___begin_THREAD     
    1c5e            ___end_UDATA0       
    1c60            ___end_THREAD       
    2000            ___RAM_Size         
    3100 ISR        ___thunk___putchar  
    3104 ISR        ___thunk_start_term 
    3108 ISR        _Port2_ISR          
    31a2 ISR        ___thunk_resetCmd   
    31a6 ISR        ___thunk_clkCmd     
    31aa ISR        ___thunk_busCmd     
    31ae ISR        ___thunk_onCmd      
    31b2 ISR        ___thunk_offCmd     
    31b6 ISR        ___thunk_statusCmd  
    31ba ISR        ___thunk_writeReg   
    31be ISR        ___thunk_readReg    
    31c2 ISR        ___thunk_gdoin_cmd  
    31c6 ISR        ___thunk_spitest    
    31ca ISR        ___thunk_beaconCmd  
    31ce ISR        ___thunk_streamCmd  
    31d2 ISR        ___thunk_power_Cmd  
    31d6 ISR        _UC1_TX             
    320c ISR        _UC1_rx             
    3230 ISR        _task_tick          
    3242 ISR        ___thunk_COMM_events
    3288 ISR        ___thunk_helpCmd    
    32a4 ISR        ___thunk___RAL_ascii_mbtowc
    32a8 ISR        ___thunk___RAL_ascii_wctomb
    331e CONST      _cmd_tbl            
    3b3e CONST      thread_init_begin   
    3b40 CONST      thread_init_end     
    3c7c CONST      ___RAL_hex_uc       
    3c8c CONST      ___RAL_hex_lc       
    3cb4 CONST      ___RAL_ascii_ctype_map
    3d42 CONST      ___RAL_codeset_ascii
    3d52 CONST      ___RAL_c_locale_day_names
    3d8c CONST      ___RAL_c_locale_abbrev_day_names
    3da9 CONST      ___RAL_c_locale_month_names
    3e00 CONST      ___RAL_c_locale_abbrev_month_names
    3e31 CONST      ___RAL_c_locale_am_pm_indicator
    3e38 CONST      ___RAL_c_locale_date_format
    3e41 CONST      ___RAL_c_locale_time_format
    3e4a CONST      ___RAL_c_locale_date_time_format
    3e59 CONST      ___RAL_data_utf8_period
    3e5b CONST      ___RAL_data_empty_string
    3e5c CONST      ___RAL_c_locale_data
    3e8e CONST      ___RAL_c_locale     
    3e96 CONST      ___float32_nan      
    3e9a CODE       ___putchar          
    3eaa CODE       ___getchar          
    3eb0 CODE       _initCLK            
    3ecc CODE       _start_term         
    3eda CODE       _main               
    3f7c CODE       _ctl_handle_error   
    3fa0 CODE       _resetCmd           
    3fd4 CODE       _clkCmd             
    4068 CODE       _busCmd             
    4132 CODE       _onCmd              
    4142 CODE       _offCmd             
    4150 CODE       _statusCmd          
    419c CODE       _writeReg           
    4242 CODE       _readReg            
    42e6 CODE       _gdoin_cmd          
    4384 CODE       _spitest            
    43d4 CODE       _beaconCmd          
    4450 CODE       _streamCmd          
    44da CODE       _power_Cmd          
    4610 CODE       _init_timerA        
    4624 CODE       _start_timerA       
    462c CODE       _radio_init         
    4696 CODE       _Radio_Read_Registers
    46e8 CODE       _Radio_Read_Burst_Registers
    4766 CODE       _Radio_Read_Status  
    47b4 CODE       _Radio_Strobe       
    47ec CODE       _Radio_Write_Registers
    482e CODE       _Radio_Write_Burst_Registers
    4888 CODE       _Reset_Radio        
    4932 CODE       _TI_CC_Wait         
    4940 CODE       _Write_RF_Settings  
    4b46 CODE       _tx_data_gen        
    4b8c CODE       _COMM_events        
    4f2a CODE       _Radio_Interrupt_Setup
    4f40 CODE       ___vfprintf         
    4f40 CODE       ___vfprintf_float_long
    5f46 CODE       _ctl_private_add_to_task_list
    5f94 CODE       _ctl_private_remove_from_task_list
    5fce CODE       _ctl_private_reschedule
    60a6 CODE       _ctl_task_init      
    60e2 CODE       _ctl_task_run       
    616e CODE       _ctl_task_die       
    6196 CODE       _ctl_task_set_priority
    61d4 CODE       _ctl_timeout_wait   
    6216 CODE       _ctl_increment_tick_from_isr
    6290 CODE       _ctl_get_current_time
    62a8 CODE       ___printf_lock      
    62c4 CODE       ___printf_unlock    
    62d8 CODE       _ctl_events_init    
    62ec CODE       _ctl_events_wait    
    63e8 CODE       _ctl_private_events_schedule
    646c CODE       _ctl_events_set_clear
    64cc CODE       _ctl_byte_queue_init
    6614 CODE       _ctl_byte_queue_post_multi
    66ec CODE       _ctl_byte_queue_receive_multi
    67ba CODE       _ctl_byte_queue_post_multi_nb
    682a CODE       _ctl_byte_queue_receive_multi_nb
    689a CODE       _ctl_byte_queue_post
    68c8 CODE       _ctl_byte_queue_receive
    68ee CODE       _ctl_byte_queue_post_nb
    6908 CODE       _ctl_byte_queue_receive_nb
    691c CODE       _ctl_private_get_stack_start
    6922 CODE       _ctl_private_get_thread_local_storage
    6928 CODE       _ctl_private_init_registers
    698a CODE       _ctl_private_init_thread_local_storage
    69a0 CODE       ___RAL_read_tp      
    69ae CODE       _ctl_private_reschedule_from_api_call
    69ca CODE       _ctl_enter_isr      
    69fe CODE       _ctl_exit_isr       
    6a36 CODE       _make_args          
    6aa0 CODE       _helpCmd            
    6b52 CODE       _doCmd              
    6bd6 CODE       _hist_incr          
    6be2 CODE       _hist_decr          
    6bee CODE       _terminal           
    6eae CODE       _UCA1_init_UART     
    6f00 CODE       _UCA1_TxChar        
    6f3c CODE       _UCA1_Getc          
    6f58 CODE       _UCA1_CheckKey      
    6f74 CODE       ___int32_mul        
    6fa4 CODE       ___int16_div        
    6fca CODE       ___int16_mod        
    6ff0 CODE       ___int16_mul        
    7006 CODE       ___int64_lsl        
    7018 CODE       ___int64_lsr        
    7078 CODE       ___uint64_mod       
    7098 CODE       ___uint16_div       
    70b0 CODE       ___uint16_mod       
    70b8 CODE       ___uint32_div       
    70c2 CODE       ___uint32_divmod    
    70ea CODE       ___uint32_mod       
    70f8 CODE       ___uint64_div       
    7120 CODE       ___uint64_divmod    
    715c CODE       ___digit            
    71a2 CODE       ___RAL_pow10        
    71f8 CODE       ___strtoul          
    7316 CODE       ___putc             
    7360 CODE       ___RAL_print_padding
    737e CODE       ___RAL_pre_padding  
    73a8 CODE       _abs                
    73b8 CODE       _atoi               
    73de CODE       ___RAL_isctype      
    73fc CODE       _isupper            
    740e CODE       _islower            
    7420 CODE       _isdigit            
    7430 CODE       _isspace            
    7440 CODE       _iscntrl            
    7452 CODE       ___errno            
    745c CODE       _getchar            
    747a CODE       ___RAL_global_locale_category
    754a CODE       _printf             
    7586 CODE       _puts               
    75c0 CODE       _strcmp             
    75e0 CODE       _strcpy             
    75f6 CODE       _strnlen            
    7610 CODE       _strtol             
    76bc CODE       _strtoul            
    7770 CODE       ___RAL_init_mbstate 
    777e CODE       ___RAL_ascii_mbtowc 
    77c4 CODE       ___RAL_ascii_wctomb 
    77ec CODE       _memcpy             
    77fc CODE       _memset             
    780c CODE       _strlen             
    781c CODE       ___float32_isinf    
    7836 CODE       ___float32_isnan    
    784e CODE       ___float32_signbit  
    785e CODE       ___uint64_to_float32
    7982 CODE       ___float32_to_int64 
    7a34 CODE       ___float32_add      
    7b26 CODE       ___float32_sub      
    7b32 CODE       ___float32_mul      
    7c1e CODE       ___float32_div      
    7cdc CODE       ___float32_lt       
    7cf8 CODE       ___float32_eq       
    7d08 CODE       _modff              
    7d9e CODE       _floor              
    7d9e CODE       _floorf             
    7e6e CODE       _fmod               
    7e6e CODE       _fmodf              
    7fe0 CODE       _fabsf              
    7fe6 CODE       _ldexp              
    8022 CODE       _frexp              
