
SYMBOLS BY NAME

      80            CTL_IRQ_STACK_SIZE  
    40fe UDATA0     _ARC_bus_helper_task
    431e UDATA0     _ARC_bus_task       
   13a54 CODE       _ARC_setup          
    d901 CONST      _ARClib_version     
   1673c CODE       _ARClib_version_Cmd 
    d914 CONST      _ARClib_vstruct     
   16686 CODE       _ARCsearch_Cmd      
   132cc CODE       _BUS_I2C_release    
    411a UDATA0     _BUS_INT_events     
   1326a CODE       _BUS_OA_check       
   13600 CODE       _BUS_SPI_txrx       
   131fa CODE       _BUS_addr_to_flags  
   14902 CODE       _BUS_alarm_ticker_update
   13250 CODE       _BUS_cmd_init       
   15574 CODE       _BUS_cmd_resptostr  
   13368 CODE       _BUS_cmd_tx         
   153c8 CODE       _BUS_cmdtostr       
   13872 CODE       _BUS_delay_usec     
   152f8 CODE       _BUS_error_str      
   13184 CODE       _BUS_flags_to_addr  
   14896 CODE       _BUS_free_alarm     
   14752 CODE       _BUS_free_buffer    
   1475c CODE       _BUS_free_buffer_from_event
   13108 CODE       _BUS_get_OA         
   1472a CODE       _BUS_get_buffer     
   14724 CODE       _BUS_get_buffer_size
    411c UDATA0     _BUS_helper_events  
   1471a CODE       _BUS_init_buffer    
    411e UDATA0     _BUS_stack          
    5330 THREAD     _BUS_thread_addr_flags
   148ae CODE       _BUS_timer_timeout_check
   101f2 CODE       _COMM_events        
    3e54 UDATA0     _COMM_evt           
    2406 UDATA0     _COMM_sys_stack     
    45be UDATA0     _DMA_events         
    c628 ISR        _DMA_int            
   15b9a CODE       _ERR_lev_str        
   161e0 CODE       _I2C_addr_lookup    
   16228 CODE       _I2C_addr_revlookup 
    c892 ISR        _I2C_dat            
    437e UDATA0     _I2C_rx_buf         
    437c UDATA0     _I2C_rx_in          
    437a UDATA0     _I2C_rx_out         
    531e UDATA0     _I2C_stat           
   14bbe CODE       _PMM_setVCore       
   14b04 CODE       _PMM_setVCoreDown   
   14a0a CODE       _PMM_setVCoreUp     
    d70e CONST      _Packet_NoBit       
    c044 ISR        _Port1_ISR          
   10dc2 CODE       _RF_Send_Packet     
   10abc CODE       _Radio_Interrupt_Setup
   10bd2 CODE       _Radio_Read_Burst_Registers
   10b96 CODE       _Radio_Read_Registers
   10c3c CODE       _Radio_Read_Status  
   10c78 CODE       _Radio_Strobe       
   10cd4 CODE       _Radio_Write_Burst_Registers
   10ca2 CODE       _Radio_Write_Registers
   10d1e CODE       _Reset_Radio        
    3bca UDATA0     _RxTemp             
   13988 CODE       _SPI_deactivate     
   13954 CODE       _SPI_master_setup   
   1396e CODE       _SPI_slave_setup    
    4356 UDATA0     _SUB_events         
    c6ee ISR        _SYS_NMI            
   10db4 CODE       _TI_CC_Wait         
    c00c ISR        _Timer_A2_A0        
    c012 ISR        _Timer_A2_A1        
    3bee UDATA0     _Tx1Buffer          
    3bec UDATA0     _Tx1Buffer_Len      
    1c06 IDATA0     _TxBufferPos        
    3bea UDATA0     _TxBytesRemaining   
    3e56 UDATA0     _Tx_Flag            
   16c94 CODE       _UCA2_CheckKey      
   16c78 CODE       _UCA2_Getc          
    c830 ISR        _UCA2_ISR           
    51ce UDATA0     _UCA2_RxBuf         
    5272 UDATA0     _UCA2_TxBuf         
   16c3c CODE       _UCA2_TxChar        
   16b60 CODE       _UCA2_init_UART     
   10df8 CODE       _Write_RF_Settings  
    f574 CONST      ___RAL_ascii_ctype_map
   176d6 CODE       ___RAL_ascii_mbtowc 
   1771c CODE       ___RAL_ascii_wctomb 
    f74e CONST      ___RAL_c_locale     
    f64c CONST      ___RAL_c_locale_abbrev_day_names
    f6c0 CONST      ___RAL_c_locale_abbrev_month_names
    f6f1 CONST      ___RAL_c_locale_am_pm_indicator
    f71c CONST      ___RAL_c_locale_data
    f6f8 CONST      ___RAL_c_locale_date_format
    f70a CONST      ___RAL_c_locale_date_time_format
    f612 CONST      ___RAL_c_locale_day_names
    f669 CONST      ___RAL_c_locale_month_names
    f701 CONST      ___RAL_c_locale_time_format
    f602 CONST      ___RAL_codeset_ascii
    f71b CONST      ___RAL_data_empty_string
    f719 CONST      ___RAL_data_utf8_period
    1c2c IDATA0     ___RAL_global_locale
   1735e CODE       ___RAL_global_locale_category
    f54b CONST      ___RAL_hex_lc       
    f53b CONST      ___RAL_hex_uc       
   176c8 CODE       ___RAL_init_mbstate 
   172c2 CODE       ___RAL_isctype      
   1705c CODE       ___RAL_pow10        
   17238 CODE       ___RAL_pre_padding  
   1721a CODE       ___RAL_print_padding
   1305a CODE       ___RAL_read_tp      
    1c00            ___RAM_Address      
    8000            ___RAM_Size         
    1c00            ___begin_IDATA0     
    5330            ___begin_THREAD     
    1c36            ___begin_UDATA0     
     4c0            ___crt_mpy          
     4d2            ___crt_mpy32h       
     4d0            ___crt_mpy32l       
     4c8            ___crt_op2          
     4e2            ___crt_op2h         
     4e0            ___crt_op2l         
     4e4            ___crt_res0         
     4e6            ___crt_res1         
     4e8            ___crt_res2         
     4ea            ___crt_res3         
     4ca            ___crt_reslo        
   17016 CODE       ___digit            
    1c36            ___end_IDATA0       
    5334            ___end_THREAD       
    5330            ___end_UDATA0       
   17336 CODE       ___errno            
   1798c CODE       ___float32_add      
   17b62 CODE       ___float32_div      
   17c3c CODE       ___float32_eq       
   17774 CODE       ___float32_isinf    
   1778e CODE       ___float32_isnan    
   17c20 CODE       ___float32_lt       
   17a8a CODE       ___float32_mul      
    f756 CONST      ___float32_nan      
   177a6 CODE       ___float32_signbit  
   17a7e CODE       ___float32_sub      
   178da CODE       ___float32_to_int64 
    f76a CODE       ___getchar          
   16e6c CODE       ___int16_div        
   16e92 CODE       ___int16_mod        
   16eb8 CODE       ___int16_mul        
   16e4a CODE       ___int32_mul        
   16ece CODE       ___int64_lsl        
   16ee0 CODE       ___int64_lsr        
   1276c CODE       ___printf_lock      
   12788 CODE       ___printf_unlock    
   171d0 CODE       ___putc             
    f75a CODE       ___putchar          
   170b2 CODE       ___strtoul          
    c818 ISR        ___thunk_ARClib_version_Cmd
    c814 ISR        ___thunk_ARCsearch_Cmd
    c040 ISR        ___thunk_COMM_events
    c984 ISR        ___thunk___RAL_ascii_mbtowc
    c988 ISR        ___thunk___RAL_ascii_wctomb
    c000 ISR        ___thunk___putchar  
    c81c ISR        ___thunk_errReq_Cmd 
    c7f8 ISR        ___thunk_err_decode_arcbus
    c004 ISR        ___thunk_example_command
    c008 ISR        ___thunk_example_timer_IR
    c7fc ISR        ___thunk_helpCmd    
    c028 ISR        ___thunk_power      
    c02c ISR        ___thunk_powerbetter
    c820 ISR        ___thunk_priorityCmd
    c01c ISR        ___thunk_readReg    
    c804 ISR        ___thunk_restCmd    
    c810 ISR        ___thunk_spiCmd     
    c82c ISR        ___thunk_stackCmd   
    c828 ISR        ___thunk_statsCmd   
    c020 ISR        ___thunk_status_Cmd 
    c024 ISR        ___thunk_streamCmd  
    c03c ISR        ___thunk_sub_events 
    c038 ISR        ___thunk_temp       
    c800 ISR        ___thunk_terminal   
    c808 ISR        ___thunk_timeCmd    
    c824 ISR        ___thunk_timesliceCmd
    c030 ISR        ___thunk_transmit_test
    c034 ISR        ___thunk_transmit_test2
    c80c ISR        ___thunk_txCmd      
    c018 ISR        ___thunk_writeReg   
   16f60 CODE       ___uint16_div       
   16f78 CODE       ___uint16_mod       
   16f80 CODE       ___uint32_div       
   16f8a CODE       ___uint32_divmod    
   16fb2 CODE       ___uint64_div       
   16fda CODE       ___uint64_divmod    
   16f40 CODE       ___uint64_mod       
   177b6 CODE       ___uint64_to_float32
    1c2a IDATA0     ___ungot            
    532e UDATA0     ___user_format_extender
   111d0 CODE       ___vfprintf         
   111d0 CODE       ___vfprintf_float_long_long
   15aac CODE       __record_error      
   17262 CODE       _abs                
   132a0 CODE       _addr_chk           
    4c12 UDATA0     _alarms             
    4358 UDATA0     _arcBus_stat        
    1c1e IDATA0     _async_addr         
   14802 CODE       _async_close_remote 
   1476a CODE       _async_isOpen       
   14770 CODE       _async_open_remote  
    4bf6 UDATA0     _async_rxQ          
   14830 CODE       _async_send_data    
    1c20 IDATA0     _async_timer        
    4c04 UDATA0     _async_txQ          
   17272 CODE       _atoi               
   17298 CODE       _atol               
    1c02 IDATA0     _beacon_flag        
    1c00 IDATA0     _beacon_on          
    49c4 UDATA0     _buffer_mutex       
    ed0a CONST      _busAddrSym         
    c12a ISR        _bus_I2C_isr        
    c566 ISR        _bus_SPI_isr        
   155fa CODE       _bus_flags_tostr    
    c572 ISR        _bus_int            
    c6a8 ISR        _bus_resend         
   1561a CODE       _bus_version_err_tostr
    1c22 IDATA0     _closed_event       
    1c24 IDATA0     _closed_flag        
    1c1a IDATA0     _cmd_parse_list     
    ca0c CONST      _cmd_tbl            
    3b76 UDATA0     _comm_task          
   138e0 CODE       _crc16              
   138ae CODE       _crc7               
    3eec UDATA0     _crc_mutex          
   12b86 CODE       _ctl_byte_queue_init
   12f54 CODE       _ctl_byte_queue_post
   12cce CODE       _ctl_byte_queue_post_multi
   12e74 CODE       _ctl_byte_queue_post_multi_nb
   12fa8 CODE       _ctl_byte_queue_post_nb
   12f82 CODE       _ctl_byte_queue_receive
   12da6 CODE       _ctl_byte_queue_receive_multi
   12ee4 CODE       _ctl_byte_queue_receive_multi_nb
   12fc2 CODE       _ctl_byte_queue_receive_nb
    3e60 UDATA0     _ctl_current_time   
   13084 CODE       _ctl_enter_isr      
   1279c CODE       _ctl_events_init    
   12930 CODE       _ctl_events_set_clear
   127b0 CODE       _ctl_events_wait    
   130b8 CODE       _ctl_exit_isr       
   12754 CODE       _ctl_get_current_time
   130f0 CODE       _ctl_global_interrupts_set
   14bfe CODE       _ctl_handle_error   
   126da CODE       _ctl_increment_tick_from_isr
    3e65 UDATA0     _ctl_interrupt_count
    3e5c UDATA0     _ctl_last_schedule_time
    1c0e IDATA0     _ctl_libc_mutex     
   12990 CODE       _ctl_mutex_init     
   129bc CODE       _ctl_mutex_lock     
   129a8 CODE       _ctl_mutex_lock_uc  
   12ac0 CODE       _ctl_mutex_unlock   
   1240a CODE       _ctl_private_add_to_task_list
   128ac CODE       _ctl_private_events_schedule
   12fd6 CODE       _ctl_private_get_stack_start
   12fdc CODE       _ctl_private_get_thread_local_storage
   12fe2 CODE       _ctl_private_init_registers
   13044 CODE       _ctl_private_init_thread_local_storage
   12458 CODE       _ctl_private_remove_from_task_list
   12492 CODE       _ctl_private_reschedule
   13068 CODE       _ctl_private_reschedule_from_api_call
    3e64 UDATA0     _ctl_reschedule_on_last_isr_exit
   12632 CODE       _ctl_task_die       
    3e66 UDATA0     _ctl_task_executing 
   1256a CODE       _ctl_task_init      
    3e68 UDATA0     _ctl_task_list      
   125a6 CODE       _ctl_task_run       
   1265a CODE       _ctl_task_set_priority
    3e5a UDATA0     _ctl_task_switch_callout
    1c0c IDATA0     _ctl_time_increment 
   12698 CODE       _ctl_timeout_wait   
    1c08 IDATA0     _ctl_timeslice_period
    1c04 IDATA0     _data_mode          
    3e46 UDATA0     _data_seed          
   15e8c CODE       _doCmd              
   1674e CODE       _errReq_Cmd         
   14c10 CODE       _err_decode_arcbus  
   15bd8 CODE       _err_do_decode      
   1592a CODE       _err_register_handler
   159e2 CODE       _error_init         
   15cee CODE       _error_log_mem_replay
   15a04 CODE       _error_recording_start
    f860 CODE       _example_command    
    f90a CODE       _example_timer_IR   
   17f24 CODE       _fabsf              
   17ce2 CODE       _floor              
   17ce2 CODE       _floorf             
   17db2 CODE       _fmod               
   17db2 CODE       _fmodf              
   17f66 CODE       _frexp              
   16260 CODE       _getI2C_addr        
   13914 CODE       _get_ticker_time    
   17340 CODE       _getchar            
   15dda CODE       _helpCmd            
    3f0a UDATA0     _helper_stack       
   15f1c CODE       _hist_decr          
   15f10 CODE       _hist_incr          
   16d98 CODE       _i2c_rx             
   16d10 CODE       _i2c_tx             
    433a UDATA0     _idle_task          
   13ae8 CODE       _initARCbus         
   13998 CODE       _initCLK            
   139fe CODE       _initSVS            
   139e2 CODE       _init_timerA        
   17324 CODE       _iscntrl            
   17304 CODE       _isdigit            
   172f2 CODE       _islower            
   17314 CODE       _isspace            
   172e0 CODE       _isupper            
   17f2a CODE       _ldexp              
    f770 CODE       _main               
   146d0 CODE       _mainLoop           
   156ce CODE       _main_return        
   15d70 CODE       _make_args          
   17744 CODE       _memcpy             
   17754 CODE       _memset             
    c886 ISR        _mmc_ISR            
   17c4c CODE       _modff              
    4c32 UDATA0     _next_idx           
    fba6 CODE       _power              
    1c18 IDATA0     _powerState         
    fbee CODE       _powerbetter        
   15c60 CODE       _print_error        
   1742e CODE       _printf             
   1690e CODE       _priorityCmd        
   1746a CODE       _puts               
   10b7c CODE       _radio_SPI_desel    
   10b62 CODE       _radio_SPI_sel      
   10ad6 CODE       _radio_SPI_setup    
    3e58 UDATA0     _radio_select       
    f9fc CODE       _readReg            
   13be6 CODE       _readTA1            
   15b56 CODE       _record_error       
   15cae CODE       _report_error       
   1569c CODE       _reset_bor          
   1632a CODE       _restCmd            
    49ca UDATA0     _rxbuf              
    4c22 UDATA0     _saved_error        
   15aa0 CODE       _set_error_level    
   10b28 CODE       _set_radio_path     
   1392c CODE       _setget_ticker_time 
   16574 CODE       _spiCmd             
   174a4 CODE       _sprintf            
   16b0e CODE       _stackCmd           
   139f6 CODE       _start_timerA       
   156e2 CODE       _startup_error_check
    3be8 UDATA0     _state              
   16a2a CODE       _stateName          
   16aac CODE       _statsCmd           
    3e48 UDATA0     _status             
    fa74 CODE       _status_Cmd         
   174d4 CODE       _strcmp             
   174f4 CODE       _strcpy             
    fb18 CODE       _streamCmd          
   1750a CODE       _strlcpy            
   17764 CODE       _strlen             
   1754e CODE       _strnlen            
   17568 CODE       _strtol             
   17614 CODE       _strtoul            
   100ea CODE       _sub_events         
    1c36 UDATA0     _sub_stack          
    3b92 UDATA0     _sub_task           
    c66e ISR        _task_tick          
   10074 CODE       _temp               
   15f28 CODE       _terminal           
    2bd6 UDATA0     _terminal_stack     
    3bae UDATA0     _terminal_task      
    3ef2 UDATA0     _ticker_time        
   163e0 CODE       _timeCmd            
   169c2 CODE       _timesliceCmd       
   1000c CODE       _transmit_test      
   1003a CODE       _transmit_test2     
   163f6 CODE       _txCmd              
   101ac CODE       _tx_data_gen        
    4af6 UDATA0     _txbuf              
    f974 CODE       _writeReg           
    d95a CONST      thread_init_begin   
    d95e CONST      thread_init_end     


SYMBOLS BY VALUE

      80            CTL_IRQ_STACK_SIZE  
     4c0            ___crt_mpy          
     4c8            ___crt_op2          
     4ca            ___crt_reslo        
     4d0            ___crt_mpy32l       
     4d2            ___crt_mpy32h       
     4e0            ___crt_op2l         
     4e2            ___crt_op2h         
     4e4            ___crt_res0         
     4e6            ___crt_res1         
     4e8            ___crt_res2         
     4ea            ___crt_res3         
    1c00            ___begin_IDATA0     
    1c00            ___RAM_Address      
    1c00 IDATA0     _beacon_on          
    1c02 IDATA0     _beacon_flag        
    1c04 IDATA0     _data_mode          
    1c06 IDATA0     _TxBufferPos        
    1c08 IDATA0     _ctl_timeslice_period
    1c0c IDATA0     _ctl_time_increment 
    1c0e IDATA0     _ctl_libc_mutex     
    1c18 IDATA0     _powerState         
    1c1a IDATA0     _cmd_parse_list     
    1c1e IDATA0     _async_addr         
    1c20 IDATA0     _async_timer        
    1c22 IDATA0     _closed_event       
    1c24 IDATA0     _closed_flag        
    1c2a IDATA0     ___ungot            
    1c2c IDATA0     ___RAL_global_locale
    1c36            ___end_IDATA0       
    1c36 UDATA0     _sub_stack          
    1c36            ___begin_UDATA0     
    2406 UDATA0     _COMM_sys_stack     
    2bd6 UDATA0     _terminal_stack     
    3b76 UDATA0     _comm_task          
    3b92 UDATA0     _sub_task           
    3bae UDATA0     _terminal_task      
    3bca UDATA0     _RxTemp             
    3be8 UDATA0     _state              
    3bea UDATA0     _TxBytesRemaining   
    3bec UDATA0     _Tx1Buffer_Len      
    3bee UDATA0     _Tx1Buffer          
    3e46 UDATA0     _data_seed          
    3e48 UDATA0     _status             
    3e54 UDATA0     _COMM_evt           
    3e56 UDATA0     _Tx_Flag            
    3e58 UDATA0     _radio_select       
    3e5a UDATA0     _ctl_task_switch_callout
    3e5c UDATA0     _ctl_last_schedule_time
    3e60 UDATA0     _ctl_current_time   
    3e64 UDATA0     _ctl_reschedule_on_last_isr_exit
    3e65 UDATA0     _ctl_interrupt_count
    3e66 UDATA0     _ctl_task_executing 
    3e68 UDATA0     _ctl_task_list      
    3eec UDATA0     _crc_mutex          
    3ef2 UDATA0     _ticker_time        
    3f0a UDATA0     _helper_stack       
    40fe UDATA0     _ARC_bus_helper_task
    411a UDATA0     _BUS_INT_events     
    411c UDATA0     _BUS_helper_events  
    411e UDATA0     _BUS_stack          
    431e UDATA0     _ARC_bus_task       
    433a UDATA0     _idle_task          
    4356 UDATA0     _SUB_events         
    4358 UDATA0     _arcBus_stat        
    437a UDATA0     _I2C_rx_out         
    437c UDATA0     _I2C_rx_in          
    437e UDATA0     _I2C_rx_buf         
    45be UDATA0     _DMA_events         
    49c4 UDATA0     _buffer_mutex       
    49ca UDATA0     _rxbuf              
    4af6 UDATA0     _txbuf              
    4bf6 UDATA0     _async_rxQ          
    4c04 UDATA0     _async_txQ          
    4c12 UDATA0     _alarms             
    4c22 UDATA0     _saved_error        
    4c32 UDATA0     _next_idx           
    51ce UDATA0     _UCA2_RxBuf         
    5272 UDATA0     _UCA2_TxBuf         
    531e UDATA0     _I2C_stat           
    532e UDATA0     ___user_format_extender
    5330 THREAD     _BUS_thread_addr_flags
    5330            ___end_UDATA0       
    5330            ___begin_THREAD     
    5334            ___end_THREAD       
    8000            ___RAM_Size         
    c000 ISR        ___thunk___putchar  
    c004 ISR        ___thunk_example_command
    c008 ISR        ___thunk_example_timer_IR
    c00c ISR        _Timer_A2_A0        
    c012 ISR        _Timer_A2_A1        
    c018 ISR        ___thunk_writeReg   
    c01c ISR        ___thunk_readReg    
    c020 ISR        ___thunk_status_Cmd 
    c024 ISR        ___thunk_streamCmd  
    c028 ISR        ___thunk_power      
    c02c ISR        ___thunk_powerbetter
    c030 ISR        ___thunk_transmit_test
    c034 ISR        ___thunk_transmit_test2
    c038 ISR        ___thunk_temp       
    c03c ISR        ___thunk_sub_events 
    c040 ISR        ___thunk_COMM_events
    c044 ISR        _Port1_ISR          
    c12a ISR        _bus_I2C_isr        
    c566 ISR        _bus_SPI_isr        
    c572 ISR        _bus_int            
    c628 ISR        _DMA_int            
    c66e ISR        _task_tick          
    c6a8 ISR        _bus_resend         
    c6ee ISR        _SYS_NMI            
    c7f8 ISR        ___thunk_err_decode_arcbus
    c7fc ISR        ___thunk_helpCmd    
    c800 ISR        ___thunk_terminal   
    c804 ISR        ___thunk_restCmd    
    c808 ISR        ___thunk_timeCmd    
    c80c ISR        ___thunk_txCmd      
    c810 ISR        ___thunk_spiCmd     
    c814 ISR        ___thunk_ARCsearch_Cmd
    c818 ISR        ___thunk_ARClib_version_Cmd
    c81c ISR        ___thunk_errReq_Cmd 
    c820 ISR        ___thunk_priorityCmd
    c824 ISR        ___thunk_timesliceCmd
    c828 ISR        ___thunk_statsCmd   
    c82c ISR        ___thunk_stackCmd   
    c830 ISR        _UCA2_ISR           
    c886 ISR        _mmc_ISR            
    c892 ISR        _I2C_dat            
    c984 ISR        ___thunk___RAL_ascii_mbtowc
    c988 ISR        ___thunk___RAL_ascii_wctomb
    ca0c CONST      _cmd_tbl            
    d70e CONST      _Packet_NoBit       
    d901 CONST      _ARClib_version     
    d914 CONST      _ARClib_vstruct     
    d95a CONST      thread_init_begin   
    d95e CONST      thread_init_end     
    ed0a CONST      _busAddrSym         
    f53b CONST      ___RAL_hex_uc       
    f54b CONST      ___RAL_hex_lc       
    f574 CONST      ___RAL_ascii_ctype_map
    f602 CONST      ___RAL_codeset_ascii
    f612 CONST      ___RAL_c_locale_day_names
    f64c CONST      ___RAL_c_locale_abbrev_day_names
    f669 CONST      ___RAL_c_locale_month_names
    f6c0 CONST      ___RAL_c_locale_abbrev_month_names
    f6f1 CONST      ___RAL_c_locale_am_pm_indicator
    f6f8 CONST      ___RAL_c_locale_date_format
    f701 CONST      ___RAL_c_locale_time_format
    f70a CONST      ___RAL_c_locale_date_time_format
    f719 CONST      ___RAL_data_utf8_period
    f71b CONST      ___RAL_data_empty_string
    f71c CONST      ___RAL_c_locale_data
    f74e CONST      ___RAL_c_locale     
    f756 CONST      ___float32_nan      
    f75a CODE       ___putchar          
    f76a CODE       ___getchar          
    f770 CODE       _main               
    f860 CODE       _example_command    
    f90a CODE       _example_timer_IR   
    f974 CODE       _writeReg           
    f9fc CODE       _readReg            
    fa74 CODE       _status_Cmd         
    fb18 CODE       _streamCmd          
    fba6 CODE       _power              
    fbee CODE       _powerbetter        
   1000c CODE       _transmit_test      
   1003a CODE       _transmit_test2     
   10074 CODE       _temp               
   100ea CODE       _sub_events         
   101ac CODE       _tx_data_gen        
   101f2 CODE       _COMM_events        
   10abc CODE       _Radio_Interrupt_Setup
   10ad6 CODE       _radio_SPI_setup    
   10b28 CODE       _set_radio_path     
   10b62 CODE       _radio_SPI_sel      
   10b7c CODE       _radio_SPI_desel    
   10b96 CODE       _Radio_Read_Registers
   10bd2 CODE       _Radio_Read_Burst_Registers
   10c3c CODE       _Radio_Read_Status  
   10c78 CODE       _Radio_Strobe       
   10ca2 CODE       _Radio_Write_Registers
   10cd4 CODE       _Radio_Write_Burst_Registers
   10d1e CODE       _Reset_Radio        
   10db4 CODE       _TI_CC_Wait         
   10dc2 CODE       _RF_Send_Packet     
   10df8 CODE       _Write_RF_Settings  
   111d0 CODE       ___vfprintf_float_long_long
   111d0 CODE       ___vfprintf         
   1240a CODE       _ctl_private_add_to_task_list
   12458 CODE       _ctl_private_remove_from_task_list
   12492 CODE       _ctl_private_reschedule
   1256a CODE       _ctl_task_init      
   125a6 CODE       _ctl_task_run       
   12632 CODE       _ctl_task_die       
   1265a CODE       _ctl_task_set_priority
   12698 CODE       _ctl_timeout_wait   
   126da CODE       _ctl_increment_tick_from_isr
   12754 CODE       _ctl_get_current_time
   1276c CODE       ___printf_lock      
   12788 CODE       ___printf_unlock    
   1279c CODE       _ctl_events_init    
   127b0 CODE       _ctl_events_wait    
   128ac CODE       _ctl_private_events_schedule
   12930 CODE       _ctl_events_set_clear
   12990 CODE       _ctl_mutex_init     
   129a8 CODE       _ctl_mutex_lock_uc  
   129bc CODE       _ctl_mutex_lock     
   12ac0 CODE       _ctl_mutex_unlock   
   12b86 CODE       _ctl_byte_queue_init
   12cce CODE       _ctl_byte_queue_post_multi
   12da6 CODE       _ctl_byte_queue_receive_multi
   12e74 CODE       _ctl_byte_queue_post_multi_nb
   12ee4 CODE       _ctl_byte_queue_receive_multi_nb
   12f54 CODE       _ctl_byte_queue_post
   12f82 CODE       _ctl_byte_queue_receive
   12fa8 CODE       _ctl_byte_queue_post_nb
   12fc2 CODE       _ctl_byte_queue_receive_nb
   12fd6 CODE       _ctl_private_get_stack_start
   12fdc CODE       _ctl_private_get_thread_local_storage
   12fe2 CODE       _ctl_private_init_registers
   13044 CODE       _ctl_private_init_thread_local_storage
   1305a CODE       ___RAL_read_tp      
   13068 CODE       _ctl_private_reschedule_from_api_call
   13084 CODE       _ctl_enter_isr      
   130b8 CODE       _ctl_exit_isr       
   130f0 CODE       _ctl_global_interrupts_set
   13108 CODE       _BUS_get_OA         
   13184 CODE       _BUS_flags_to_addr  
   131fa CODE       _BUS_addr_to_flags  
   13250 CODE       _BUS_cmd_init       
   1326a CODE       _BUS_OA_check       
   132a0 CODE       _addr_chk           
   132cc CODE       _BUS_I2C_release    
   13368 CODE       _BUS_cmd_tx         
   13600 CODE       _BUS_SPI_txrx       
   13872 CODE       _BUS_delay_usec     
   138ae CODE       _crc7               
   138e0 CODE       _crc16              
   13914 CODE       _get_ticker_time    
   1392c CODE       _setget_ticker_time 
   13954 CODE       _SPI_master_setup   
   1396e CODE       _SPI_slave_setup    
   13988 CODE       _SPI_deactivate     
   13998 CODE       _initCLK            
   139e2 CODE       _init_timerA        
   139f6 CODE       _start_timerA       
   139fe CODE       _initSVS            
   13a54 CODE       _ARC_setup          
   13ae8 CODE       _initARCbus         
   13be6 CODE       _readTA1            
   146d0 CODE       _mainLoop           
   1471a CODE       _BUS_init_buffer    
   14724 CODE       _BUS_get_buffer_size
   1472a CODE       _BUS_get_buffer     
   14752 CODE       _BUS_free_buffer    
   1475c CODE       _BUS_free_buffer_from_event
   1476a CODE       _async_isOpen       
   14770 CODE       _async_open_remote  
   14802 CODE       _async_close_remote 
   14830 CODE       _async_send_data    
   14896 CODE       _BUS_free_alarm     
   148ae CODE       _BUS_timer_timeout_check
   14902 CODE       _BUS_alarm_ticker_update
   14a0a CODE       _PMM_setVCoreUp     
   14b04 CODE       _PMM_setVCoreDown   
   14bbe CODE       _PMM_setVCore       
   14bfe CODE       _ctl_handle_error   
   14c10 CODE       _err_decode_arcbus  
   152f8 CODE       _BUS_error_str      
   153c8 CODE       _BUS_cmdtostr       
   15574 CODE       _BUS_cmd_resptostr  
   155fa CODE       _bus_flags_tostr    
   1561a CODE       _bus_version_err_tostr
   1569c CODE       _reset_bor          
   156ce CODE       _main_return        
   156e2 CODE       _startup_error_check
   1592a CODE       _err_register_handler
   159e2 CODE       _error_init         
   15a04 CODE       _error_recording_start
   15aa0 CODE       _set_error_level    
   15aac CODE       __record_error      
   15b56 CODE       _record_error       
   15b9a CODE       _ERR_lev_str        
   15bd8 CODE       _err_do_decode      
   15c60 CODE       _print_error        
   15cae CODE       _report_error       
   15cee CODE       _error_log_mem_replay
   15d70 CODE       _make_args          
   15dda CODE       _helpCmd            
   15e8c CODE       _doCmd              
   15f10 CODE       _hist_incr          
   15f1c CODE       _hist_decr          
   15f28 CODE       _terminal           
   161e0 CODE       _I2C_addr_lookup    
   16228 CODE       _I2C_addr_revlookup 
   16260 CODE       _getI2C_addr        
   1632a CODE       _restCmd            
   163e0 CODE       _timeCmd            
   163f6 CODE       _txCmd              
   16574 CODE       _spiCmd             
   16686 CODE       _ARCsearch_Cmd      
   1673c CODE       _ARClib_version_Cmd 
   1674e CODE       _errReq_Cmd         
   1690e CODE       _priorityCmd        
   169c2 CODE       _timesliceCmd       
   16a2a CODE       _stateName          
   16aac CODE       _statsCmd           
   16b0e CODE       _stackCmd           
   16b60 CODE       _UCA2_init_UART     
   16c3c CODE       _UCA2_TxChar        
   16c78 CODE       _UCA2_Getc          
   16c94 CODE       _UCA2_CheckKey      
   16d10 CODE       _i2c_tx             
   16d98 CODE       _i2c_rx             
   16e4a CODE       ___int32_mul        
   16e6c CODE       ___int16_div        
   16e92 CODE       ___int16_mod        
   16eb8 CODE       ___int16_mul        
   16ece CODE       ___int64_lsl        
   16ee0 CODE       ___int64_lsr        
   16f40 CODE       ___uint64_mod       
   16f60 CODE       ___uint16_div       
   16f78 CODE       ___uint16_mod       
   16f80 CODE       ___uint32_div       
   16f8a CODE       ___uint32_divmod    
   16fb2 CODE       ___uint64_div       
   16fda CODE       ___uint64_divmod    
   17016 CODE       ___digit            
   1705c CODE       ___RAL_pow10        
   170b2 CODE       ___strtoul          
   171d0 CODE       ___putc             
   1721a CODE       ___RAL_print_padding
   17238 CODE       ___RAL_pre_padding  
   17262 CODE       _abs                
   17272 CODE       _atoi               
   17298 CODE       _atol               
   172c2 CODE       ___RAL_isctype      
   172e0 CODE       _isupper            
   172f2 CODE       _islower            
   17304 CODE       _isdigit            
   17314 CODE       _isspace            
   17324 CODE       _iscntrl            
   17336 CODE       ___errno            
   17340 CODE       _getchar            
   1735e CODE       ___RAL_global_locale_category
   1742e CODE       _printf             
   1746a CODE       _puts               
   174a4 CODE       _sprintf            
   174d4 CODE       _strcmp             
   174f4 CODE       _strcpy             
   1750a CODE       _strlcpy            
   1754e CODE       _strnlen            
   17568 CODE       _strtol             
   17614 CODE       _strtoul            
   176c8 CODE       ___RAL_init_mbstate 
   176d6 CODE       ___RAL_ascii_mbtowc 
   1771c CODE       ___RAL_ascii_wctomb 
   17744 CODE       _memcpy             
   17754 CODE       _memset             
   17764 CODE       _strlen             
   17774 CODE       ___float32_isinf    
   1778e CODE       ___float32_isnan    
   177a6 CODE       ___float32_signbit  
   177b6 CODE       ___uint64_to_float32
   178da CODE       ___float32_to_int64 
   1798c CODE       ___float32_add      
   17a7e CODE       ___float32_sub      
   17a8a CODE       ___float32_mul      
   17b62 CODE       ___float32_div      
   17c20 CODE       ___float32_lt       
   17c3c CODE       ___float32_eq       
   17c4c CODE       _modff              
   17ce2 CODE       _floor              
   17ce2 CODE       _floorf             
   17db2 CODE       _fmodf              
   17db2 CODE       _fmod               
   17f24 CODE       _fabsf              
   17f2a CODE       _ldexp              
   17f66 CODE       _frexp              
