
SYMBOLS BY NAME

      80            CTL_IRQ_STACK_SIZE  
    40fa UDATA0     _ARC_bus_helper_task
    431a UDATA0     _ARC_bus_task       
   12c10 CODE       _ARC_setup          
    d3f5 CONST      _ARClib_version     
   158f8 CODE       _ARClib_version_Cmd 
    d408 CONST      _ARClib_vstruct     
   15842 CODE       _ARCsearch_Cmd      
   124c4 CODE       _BUS_I2C_release    
    4116 UDATA0     _BUS_INT_events     
   12462 CODE       _BUS_OA_check       
   127f8 CODE       _BUS_SPI_txrx       
   123f2 CODE       _BUS_addr_to_flags  
   13abe CODE       _BUS_alarm_ticker_update
   12448 CODE       _BUS_cmd_init       
   14730 CODE       _BUS_cmd_resptostr  
   12560 CODE       _BUS_cmd_tx         
   14584 CODE       _BUS_cmdtostr       
   144b4 CODE       _BUS_error_str      
   1237c CODE       _BUS_flags_to_addr  
   13a52 CODE       _BUS_free_alarm     
   1390e CODE       _BUS_free_buffer    
   13918 CODE       _BUS_free_buffer_from_event
   12300 CODE       _BUS_get_OA         
   138e6 CODE       _BUS_get_buffer     
   138e0 CODE       _BUS_get_buffer_size
    4118 UDATA0     _BUS_helper_events  
   138d6 CODE       _BUS_init_buffer    
    411a UDATA0     _BUS_stack          
    5326 THREAD     _BUS_thread_addr_flags
   13a6a CODE       _BUS_timer_timeout_check
    f78a CODE       _COMM_events        
    3e46 UDATA0     _COMM_sys_events    
    2406 UDATA0     _COMM_sys_stack     
    45ba UDATA0     _DMA_events         
    c5ae ISR        _DMA_int            
   14d56 CODE       _ERR_lev_str        
   1539c CODE       _I2C_addr_lookup    
   153e4 CODE       _I2C_addr_revlookup 
    c818 ISR        _I2C_dat            
    437a UDATA0     _I2C_rx_buf         
    4378 UDATA0     _I2C_rx_in          
    4376 UDATA0     _I2C_rx_out         
    5314 UDATA0     _I2C_stat           
   13d7a CODE       _PMM_setVCore       
   13cc0 CODE       _PMM_setVCoreDown   
   13bc6 CODE       _PMM_setVCoreUp     
    c030 ISR        _Port1_ISR          
    fb62 CODE       _Radio_Interrupt_Setup
    fc78 CODE       _Radio_Read_Burst_Registers
    fc3c CODE       _Radio_Read_Registers
    fce2 CODE       _Radio_Read_Status  
    fd1e CODE       _Radio_Strobe       
    fd7a CODE       _Radio_Write_Burst_Registers
    fd48 CODE       _Radio_Write_Registers
    fdc4 CODE       _Reset_Radio        
    3bca UDATA0     _RxTemp             
   12b44 CODE       _SPI_deactivate     
   12b10 CODE       _SPI_master_setup   
   12b2a CODE       _SPI_slave_setup    
    4352 UDATA0     _SUB_events         
    c674 ISR        _SYS_NMI            
    fe5a CODE       _TI_CC_Wait         
    c00c ISR        _Timer_A2_A0        
    c012 ISR        _Timer_A2_A1        
    3bee UDATA0     _Tx1Buffer          
    3bec UDATA0     _Tx1Buffer_Len      
    1c06 IDATA0     _TxBufferPos        
    3bea UDATA0     _TxBytesRemaining   
   15e34 CODE       _UCA2_Getc          
    c7b6 ISR        _UCA2_ISR           
    51ca UDATA0     _UCA2_RxBuf         
    526e UDATA0     _UCA2_TxBuf         
   15df8 CODE       _UCA2_TxChar        
   15d1c CODE       _UCA2_init_UART     
    fe68 CODE       _Write_RF_Settings  
    f068 CONST      ___RAL_ascii_ctype_map
   166aa CODE       ___RAL_ascii_mbtowc 
   166f0 CODE       ___RAL_ascii_wctomb 
    f242 CONST      ___RAL_c_locale     
    f140 CONST      ___RAL_c_locale_abbrev_day_names
    f1b4 CONST      ___RAL_c_locale_abbrev_month_names
    f1e5 CONST      ___RAL_c_locale_am_pm_indicator
    f210 CONST      ___RAL_c_locale_data
    f1ec CONST      ___RAL_c_locale_date_format
    f1fe CONST      ___RAL_c_locale_date_time_format
    f106 CONST      ___RAL_c_locale_day_names
    f15d CONST      ___RAL_c_locale_month_names
    f1f5 CONST      ___RAL_c_locale_time_format
    f0f6 CONST      ___RAL_codeset_ascii
    f20f CONST      ___RAL_data_empty_string
    f20d CONST      ___RAL_data_utf8_period
    1c2c IDATA0     ___RAL_global_locale
   16332 CODE       ___RAL_global_locale_category
    f03f CONST      ___RAL_hex_lc       
    f02f CONST      ___RAL_hex_uc       
   1669c CODE       ___RAL_init_mbstate 
   16296 CODE       ___RAL_isctype      
   16030 CODE       ___RAL_pow10        
   1620c CODE       ___RAL_pre_padding  
   161ee CODE       ___RAL_print_padding
   12252 CODE       ___RAL_read_tp      
    1c00            ___RAM_Address      
    8000            ___RAM_Size         
    1c00            ___begin_IDATA0     
    5326            ___begin_THREAD     
    1c36            ___begin_UDATA0     
     4c0            ___crt_mpy          
     4d2            ___crt_mpy32h       
     4d0            ___crt_mpy32l       
     4c8            ___crt_op2          
     4e2            ___crt_op2h         
     4e0            ___crt_op2l         
     4e4            ___crt_res0         
     4e6            ___crt_res1         
     4e8            ___crt_res2         
     4ea            ___crt_res3         
     4ca            ___crt_reslo        
   15fea CODE       ___digit            
    1c36            ___end_IDATA0       
    532a            ___end_THREAD       
    5326            ___end_UDATA0       
   1630a CODE       ___errno            
   16960 CODE       ___float32_add      
   16b36 CODE       ___float32_div      
   16c10 CODE       ___float32_eq       
   16748 CODE       ___float32_isinf    
   16762 CODE       ___float32_isnan    
   16bf4 CODE       ___float32_lt       
   16a5e CODE       ___float32_mul      
    f24a CONST      ___float32_nan      
   1677a CODE       ___float32_signbit  
   16a52 CODE       ___float32_sub      
   168ae CODE       ___float32_to_int64 
    f25e CODE       ___getchar          
   15e72 CODE       ___int16_div        
   15e98 CODE       ___int16_mod        
   15ebe CODE       ___int16_mul        
   15e50 CODE       ___int32_mul        
   15ed4 CODE       ___int64_lsl        
   15ee6 CODE       ___int64_lsr        
   11964 CODE       ___printf_lock      
   11980 CODE       ___printf_unlock    
   161a4 CODE       ___putc             
    f24e CODE       ___putchar          
   16086 CODE       ___strtoul          
    c79e ISR        ___thunk_ARClib_version_Cmd
    c79a ISR        ___thunk_ARCsearch_Cmd
    c02c ISR        ___thunk_COMM_events
    c90a ISR        ___thunk___RAL_ascii_mbtowc
    c90e ISR        ___thunk___RAL_ascii_wctomb
    c000 ISR        ___thunk___putchar  
    c7a2 ISR        ___thunk_errReq_Cmd 
    c77e ISR        ___thunk_err_decode_arcbus
    c004 ISR        ___thunk_example_command
    c008 ISR        ___thunk_example_timer_IR
    c782 ISR        ___thunk_helpCmd    
    c7a6 ISR        ___thunk_priorityCmd
    c01c ISR        ___thunk_readReg    
    c78a ISR        ___thunk_restCmd    
    c796 ISR        ___thunk_spiCmd     
    c7b2 ISR        ___thunk_stackCmd   
    c7ae ISR        ___thunk_statsCmd   
    c020 ISR        ___thunk_status_Cmd 
    c024 ISR        ___thunk_streamCmd  
    c028 ISR        ___thunk_sub_events 
    c786 ISR        ___thunk_terminal   
    c78e ISR        ___thunk_timeCmd    
    c7aa ISR        ___thunk_timesliceCmd
    c792 ISR        ___thunk_txCmd      
    c018 ISR        ___thunk_writeReg   
   15f66 CODE       ___uint16_div       
   15f7e CODE       ___uint16_mod       
   15f86 CODE       ___uint64_div       
   15fae CODE       ___uint64_divmod    
   15f46 CODE       ___uint64_mod       
   1678a CODE       ___uint64_to_float32
    1c2a IDATA0     ___ungot            
    5324 UDATA0     ___user_format_extender
   103c8 CODE       ___vfprintf         
   103c8 CODE       ___vfprintf_float_long_long
   14c68 CODE       __record_error      
   16236 CODE       _abs                
   12498 CODE       _addr_chk           
    4c0e UDATA0     _alarms             
    4354 UDATA0     _arcBus_stat        
    1c1e IDATA0     _async_addr         
   139be CODE       _async_close_remote 
   13926 CODE       _async_isOpen       
   1392c CODE       _async_open_remote  
    4bf2 UDATA0     _async_rxQ          
   139ec CODE       _async_send_data    
    1c20 IDATA0     _async_timer        
    4c00 UDATA0     _async_txQ          
   16246 CODE       _atoi               
   1626c CODE       _atol               
    1c02 IDATA0     _beacon_flag        
    1c00 IDATA0     _beacon_on          
    49c0 UDATA0     _buffer_mutex       
    e7fe CONST      _busAddrSym         
    c0b0 ISR        _bus_I2C_isr        
    c4ec ISR        _bus_SPI_isr        
   147b6 CODE       _bus_flags_tostr    
    c4f8 ISR        _bus_int            
    c62e ISR        _bus_resend         
   147d6 CODE       _bus_version_err_tostr
    1c22 IDATA0     _closed_event       
    1c24 IDATA0     _closed_flag        
    1c1a IDATA0     _cmd_parse_list     
    c990 CONST      _cmd_tbl            
    3b76 UDATA0     _comm_task          
   12a9c CODE       _crc16              
   12a6a CODE       _crc7               
    3ee8 UDATA0     _crc_mutex          
   11d7e CODE       _ctl_byte_queue_init
   1214c CODE       _ctl_byte_queue_post
   11ec6 CODE       _ctl_byte_queue_post_multi
   1206c CODE       _ctl_byte_queue_post_multi_nb
   121a0 CODE       _ctl_byte_queue_post_nb
   1217a CODE       _ctl_byte_queue_receive
   11f9e CODE       _ctl_byte_queue_receive_multi
   120dc CODE       _ctl_byte_queue_receive_multi_nb
   121ba CODE       _ctl_byte_queue_receive_nb
    3e5c UDATA0     _ctl_current_time   
   1227c CODE       _ctl_enter_isr      
   11994 CODE       _ctl_events_init    
   11b28 CODE       _ctl_events_set_clear
   119a8 CODE       _ctl_events_wait    
   122b0 CODE       _ctl_exit_isr       
   1194c CODE       _ctl_get_current_time
   122e8 CODE       _ctl_global_interrupts_set
   13dba CODE       _ctl_handle_error   
   118d2 CODE       _ctl_increment_tick_from_isr
    3e61 UDATA0     _ctl_interrupt_count
    3e58 UDATA0     _ctl_last_schedule_time
    1c0e IDATA0     _ctl_libc_mutex     
   11b88 CODE       _ctl_mutex_init     
   11bb4 CODE       _ctl_mutex_lock     
   11ba0 CODE       _ctl_mutex_lock_uc  
   11cb8 CODE       _ctl_mutex_unlock   
   11602 CODE       _ctl_private_add_to_task_list
   11aa4 CODE       _ctl_private_events_schedule
   121ce CODE       _ctl_private_get_stack_start
   121d4 CODE       _ctl_private_get_thread_local_storage
   121da CODE       _ctl_private_init_registers
   1223c CODE       _ctl_private_init_thread_local_storage
   11650 CODE       _ctl_private_remove_from_task_list
   1168a CODE       _ctl_private_reschedule
   12260 CODE       _ctl_private_reschedule_from_api_call
    3e60 UDATA0     _ctl_reschedule_on_last_isr_exit
   1182a CODE       _ctl_task_die       
    3e62 UDATA0     _ctl_task_executing 
   11762 CODE       _ctl_task_init      
    3e64 UDATA0     _ctl_task_list      
   1179e CODE       _ctl_task_run       
   11852 CODE       _ctl_task_set_priority
    3e56 UDATA0     _ctl_task_switch_callout
    1c0c IDATA0     _ctl_time_increment 
   11890 CODE       _ctl_timeout_wait   
    1c08 IDATA0     _ctl_timeslice_period
    1c04 IDATA0     _data_mode          
    3e48 UDATA0     _data_seed          
   15048 CODE       _doCmd              
   1590a CODE       _errReq_Cmd         
   13dcc CODE       _err_decode_arcbus  
   14d94 CODE       _err_do_decode      
   14ae6 CODE       _err_register_handler
   14b9e CODE       _error_init         
   14eaa CODE       _error_log_mem_replay
   14bc0 CODE       _error_recording_start
    f35a CODE       _example_command    
    f3ea CODE       _example_timer_IR   
   16ef8 CODE       _fabsf              
   16cb6 CODE       _floor              
   16cb6 CODE       _floorf             
   16d86 CODE       _fmod               
   16d86 CODE       _fmodf              
   16f3a CODE       _frexp              
   1541c CODE       _getI2C_addr        
   12ad0 CODE       _get_ticker_time    
   16314 CODE       _getchar            
   14f96 CODE       _helpCmd            
    3f06 UDATA0     _helper_stack       
   150d8 CODE       _hist_decr          
   150cc CODE       _hist_incr          
    4336 UDATA0     _idle_task          
   12ca4 CODE       _initARCbus         
   12b54 CODE       _initCLK            
   12bba CODE       _initSVS            
   12b9e CODE       _init_timerA        
   162f8 CODE       _iscntrl            
   162d8 CODE       _isdigit            
   162c6 CODE       _islower            
   162e8 CODE       _isspace            
   162b4 CODE       _isupper            
   16efe CODE       _ldexp              
    f264 CODE       _main               
   1388c CODE       _mainLoop           
   1488a CODE       _main_return        
   14f2c CODE       _make_args          
   16718 CODE       _memcpy             
   16728 CODE       _memset             
    c80c ISR        _mmc_ISR            
   16c20 CODE       _modff              
    4c2e UDATA0     _next_idx           
    1c18 IDATA0     _powerState         
   14e1c CODE       _print_error        
   16402 CODE       _printf             
   15aca CODE       _priorityCmd        
   1643e CODE       _puts               
    fc22 CODE       _radio_SPI_desel    
    fc08 CODE       _radio_SPI_sel      
    fb7c CODE       _radio_SPI_setupt   
    3e54 UDATA0     _radio_select       
    f4dc CODE       _readReg            
   12da2 CODE       _readTA1            
   14d12 CODE       _record_error       
   14e6a CODE       _report_error       
   14858 CODE       _reset_bor          
   154e6 CODE       _restCmd            
    49c6 UDATA0     _rxbuf              
    4c1e UDATA0     _saved_error        
   14c5c CODE       _set_error_level    
    fbce CODE       _set_radio_path     
   12ae8 CODE       _setget_ticker_time 
   15730 CODE       _spiCmd             
   16478 CODE       _sprintf            
   15cca CODE       _stackCmd           
   12bb2 CODE       _start_timerA       
   1489e CODE       _startup_error_check
    3be8 UDATA0     _state              
   15be6 CODE       _stateName          
   15c68 CODE       _statsCmd           
    3e4a UDATA0     _status             
    f552 CODE       _status_Cmd         
   164a8 CODE       _strcmp             
   164c8 CODE       _strcpy             
    f5f6 CODE       _streamCmd          
   164de CODE       _strlcpy            
   16738 CODE       _strlen             
   16522 CODE       _strnlen            
   1653c CODE       _strtol             
   165e8 CODE       _strtoul            
    f682 CODE       _sub_events         
    1c36 UDATA0     _sub_stack          
    3b92 UDATA0     _sub_task           
    c5f4 ISR        _task_tick          
   150e4 CODE       _terminal           
    2bd6 UDATA0     _terminal_stack     
    3bae UDATA0     _terminal_task      
    3eee UDATA0     _ticker_time        
   1559c CODE       _timeCmd            
   15b7e CODE       _timesliceCmd       
   155b2 CODE       _txCmd              
    f744 CODE       _tx_data_gen        
    4af2 UDATA0     _txbuf              
    f454 CODE       _writeReg           
    d44e CONST      thread_init_begin   
    d452 CONST      thread_init_end     


SYMBOLS BY VALUE

      80            CTL_IRQ_STACK_SIZE  
     4c0            ___crt_mpy          
     4c8            ___crt_op2          
     4ca            ___crt_reslo        
     4d0            ___crt_mpy32l       
     4d2            ___crt_mpy32h       
     4e0            ___crt_op2l         
     4e2            ___crt_op2h         
     4e4            ___crt_res0         
     4e6            ___crt_res1         
     4e8            ___crt_res2         
     4ea            ___crt_res3         
    1c00            ___begin_IDATA0     
    1c00            ___RAM_Address      
    1c00 IDATA0     _beacon_on          
    1c02 IDATA0     _beacon_flag        
    1c04 IDATA0     _data_mode          
    1c06 IDATA0     _TxBufferPos        
    1c08 IDATA0     _ctl_timeslice_period
    1c0c IDATA0     _ctl_time_increment 
    1c0e IDATA0     _ctl_libc_mutex     
    1c18 IDATA0     _powerState         
    1c1a IDATA0     _cmd_parse_list     
    1c1e IDATA0     _async_addr         
    1c20 IDATA0     _async_timer        
    1c22 IDATA0     _closed_event       
    1c24 IDATA0     _closed_flag        
    1c2a IDATA0     ___ungot            
    1c2c IDATA0     ___RAL_global_locale
    1c36            ___end_IDATA0       
    1c36            ___begin_UDATA0     
    1c36 UDATA0     _sub_stack          
    2406 UDATA0     _COMM_sys_stack     
    2bd6 UDATA0     _terminal_stack     
    3b76 UDATA0     _comm_task          
    3b92 UDATA0     _sub_task           
    3bae UDATA0     _terminal_task      
    3bca UDATA0     _RxTemp             
    3be8 UDATA0     _state              
    3bea UDATA0     _TxBytesRemaining   
    3bec UDATA0     _Tx1Buffer_Len      
    3bee UDATA0     _Tx1Buffer          
    3e46 UDATA0     _COMM_sys_events    
    3e48 UDATA0     _data_seed          
    3e4a UDATA0     _status             
    3e54 UDATA0     _radio_select       
    3e56 UDATA0     _ctl_task_switch_callout
    3e58 UDATA0     _ctl_last_schedule_time
    3e5c UDATA0     _ctl_current_time   
    3e60 UDATA0     _ctl_reschedule_on_last_isr_exit
    3e61 UDATA0     _ctl_interrupt_count
    3e62 UDATA0     _ctl_task_executing 
    3e64 UDATA0     _ctl_task_list      
    3ee8 UDATA0     _crc_mutex          
    3eee UDATA0     _ticker_time        
    3f06 UDATA0     _helper_stack       
    40fa UDATA0     _ARC_bus_helper_task
    4116 UDATA0     _BUS_INT_events     
    4118 UDATA0     _BUS_helper_events  
    411a UDATA0     _BUS_stack          
    431a UDATA0     _ARC_bus_task       
    4336 UDATA0     _idle_task          
    4352 UDATA0     _SUB_events         
    4354 UDATA0     _arcBus_stat        
    4376 UDATA0     _I2C_rx_out         
    4378 UDATA0     _I2C_rx_in          
    437a UDATA0     _I2C_rx_buf         
    45ba UDATA0     _DMA_events         
    49c0 UDATA0     _buffer_mutex       
    49c6 UDATA0     _rxbuf              
    4af2 UDATA0     _txbuf              
    4bf2 UDATA0     _async_rxQ          
    4c00 UDATA0     _async_txQ          
    4c0e UDATA0     _alarms             
    4c1e UDATA0     _saved_error        
    4c2e UDATA0     _next_idx           
    51ca UDATA0     _UCA2_RxBuf         
    526e UDATA0     _UCA2_TxBuf         
    5314 UDATA0     _I2C_stat           
    5324 UDATA0     ___user_format_extender
    5326            ___end_UDATA0       
    5326 THREAD     _BUS_thread_addr_flags
    5326            ___begin_THREAD     
    532a            ___end_THREAD       
    8000            ___RAM_Size         
    c000 ISR        ___thunk___putchar  
    c004 ISR        ___thunk_example_command
    c008 ISR        ___thunk_example_timer_IR
    c00c ISR        _Timer_A2_A0        
    c012 ISR        _Timer_A2_A1        
    c018 ISR        ___thunk_writeReg   
    c01c ISR        ___thunk_readReg    
    c020 ISR        ___thunk_status_Cmd 
    c024 ISR        ___thunk_streamCmd  
    c028 ISR        ___thunk_sub_events 
    c02c ISR        ___thunk_COMM_events
    c030 ISR        _Port1_ISR          
    c0b0 ISR        _bus_I2C_isr        
    c4ec ISR        _bus_SPI_isr        
    c4f8 ISR        _bus_int            
    c5ae ISR        _DMA_int            
    c5f4 ISR        _task_tick          
    c62e ISR        _bus_resend         
    c674 ISR        _SYS_NMI            
    c77e ISR        ___thunk_err_decode_arcbus
    c782 ISR        ___thunk_helpCmd    
    c786 ISR        ___thunk_terminal   
    c78a ISR        ___thunk_restCmd    
    c78e ISR        ___thunk_timeCmd    
    c792 ISR        ___thunk_txCmd      
    c796 ISR        ___thunk_spiCmd     
    c79a ISR        ___thunk_ARCsearch_Cmd
    c79e ISR        ___thunk_ARClib_version_Cmd
    c7a2 ISR        ___thunk_errReq_Cmd 
    c7a6 ISR        ___thunk_priorityCmd
    c7aa ISR        ___thunk_timesliceCmd
    c7ae ISR        ___thunk_statsCmd   
    c7b2 ISR        ___thunk_stackCmd   
    c7b6 ISR        _UCA2_ISR           
    c80c ISR        _mmc_ISR            
    c818 ISR        _I2C_dat            
    c90a ISR        ___thunk___RAL_ascii_mbtowc
    c90e ISR        ___thunk___RAL_ascii_wctomb
    c990 CONST      _cmd_tbl            
    d3f5 CONST      _ARClib_version     
    d408 CONST      _ARClib_vstruct     
    d44e CONST      thread_init_begin   
    d452 CONST      thread_init_end     
    e7fe CONST      _busAddrSym         
    f02f CONST      ___RAL_hex_uc       
    f03f CONST      ___RAL_hex_lc       
    f068 CONST      ___RAL_ascii_ctype_map
    f0f6 CONST      ___RAL_codeset_ascii
    f106 CONST      ___RAL_c_locale_day_names
    f140 CONST      ___RAL_c_locale_abbrev_day_names
    f15d CONST      ___RAL_c_locale_month_names
    f1b4 CONST      ___RAL_c_locale_abbrev_month_names
    f1e5 CONST      ___RAL_c_locale_am_pm_indicator
    f1ec CONST      ___RAL_c_locale_date_format
    f1f5 CONST      ___RAL_c_locale_time_format
    f1fe CONST      ___RAL_c_locale_date_time_format
    f20d CONST      ___RAL_data_utf8_period
    f20f CONST      ___RAL_data_empty_string
    f210 CONST      ___RAL_c_locale_data
    f242 CONST      ___RAL_c_locale     
    f24a CONST      ___float32_nan      
    f24e CODE       ___putchar          
    f25e CODE       ___getchar          
    f264 CODE       _main               
    f35a CODE       _example_command    
    f3ea CODE       _example_timer_IR   
    f454 CODE       _writeReg           
    f4dc CODE       _readReg            
    f552 CODE       _status_Cmd         
    f5f6 CODE       _streamCmd          
    f682 CODE       _sub_events         
    f744 CODE       _tx_data_gen        
    f78a CODE       _COMM_events        
    fb62 CODE       _Radio_Interrupt_Setup
    fb7c CODE       _radio_SPI_setupt   
    fbce CODE       _set_radio_path     
    fc08 CODE       _radio_SPI_sel      
    fc22 CODE       _radio_SPI_desel    
    fc3c CODE       _Radio_Read_Registers
    fc78 CODE       _Radio_Read_Burst_Registers
    fce2 CODE       _Radio_Read_Status  
    fd1e CODE       _Radio_Strobe       
    fd48 CODE       _Radio_Write_Registers
    fd7a CODE       _Radio_Write_Burst_Registers
    fdc4 CODE       _Reset_Radio        
    fe5a CODE       _TI_CC_Wait         
    fe68 CODE       _Write_RF_Settings  
   103c8 CODE       ___vfprintf_float_long_long
   103c8 CODE       ___vfprintf         
   11602 CODE       _ctl_private_add_to_task_list
   11650 CODE       _ctl_private_remove_from_task_list
   1168a CODE       _ctl_private_reschedule
   11762 CODE       _ctl_task_init      
   1179e CODE       _ctl_task_run       
   1182a CODE       _ctl_task_die       
   11852 CODE       _ctl_task_set_priority
   11890 CODE       _ctl_timeout_wait   
   118d2 CODE       _ctl_increment_tick_from_isr
   1194c CODE       _ctl_get_current_time
   11964 CODE       ___printf_lock      
   11980 CODE       ___printf_unlock    
   11994 CODE       _ctl_events_init    
   119a8 CODE       _ctl_events_wait    
   11aa4 CODE       _ctl_private_events_schedule
   11b28 CODE       _ctl_events_set_clear
   11b88 CODE       _ctl_mutex_init     
   11ba0 CODE       _ctl_mutex_lock_uc  
   11bb4 CODE       _ctl_mutex_lock     
   11cb8 CODE       _ctl_mutex_unlock   
   11d7e CODE       _ctl_byte_queue_init
   11ec6 CODE       _ctl_byte_queue_post_multi
   11f9e CODE       _ctl_byte_queue_receive_multi
   1206c CODE       _ctl_byte_queue_post_multi_nb
   120dc CODE       _ctl_byte_queue_receive_multi_nb
   1214c CODE       _ctl_byte_queue_post
   1217a CODE       _ctl_byte_queue_receive
   121a0 CODE       _ctl_byte_queue_post_nb
   121ba CODE       _ctl_byte_queue_receive_nb
   121ce CODE       _ctl_private_get_stack_start
   121d4 CODE       _ctl_private_get_thread_local_storage
   121da CODE       _ctl_private_init_registers
   1223c CODE       _ctl_private_init_thread_local_storage
   12252 CODE       ___RAL_read_tp      
   12260 CODE       _ctl_private_reschedule_from_api_call
   1227c CODE       _ctl_enter_isr      
   122b0 CODE       _ctl_exit_isr       
   122e8 CODE       _ctl_global_interrupts_set
   12300 CODE       _BUS_get_OA         
   1237c CODE       _BUS_flags_to_addr  
   123f2 CODE       _BUS_addr_to_flags  
   12448 CODE       _BUS_cmd_init       
   12462 CODE       _BUS_OA_check       
   12498 CODE       _addr_chk           
   124c4 CODE       _BUS_I2C_release    
   12560 CODE       _BUS_cmd_tx         
   127f8 CODE       _BUS_SPI_txrx       
   12a6a CODE       _crc7               
   12a9c CODE       _crc16              
   12ad0 CODE       _get_ticker_time    
   12ae8 CODE       _setget_ticker_time 
   12b10 CODE       _SPI_master_setup   
   12b2a CODE       _SPI_slave_setup    
   12b44 CODE       _SPI_deactivate     
   12b54 CODE       _initCLK            
   12b9e CODE       _init_timerA        
   12bb2 CODE       _start_timerA       
   12bba CODE       _initSVS            
   12c10 CODE       _ARC_setup          
   12ca4 CODE       _initARCbus         
   12da2 CODE       _readTA1            
   1388c CODE       _mainLoop           
   138d6 CODE       _BUS_init_buffer    
   138e0 CODE       _BUS_get_buffer_size
   138e6 CODE       _BUS_get_buffer     
   1390e CODE       _BUS_free_buffer    
   13918 CODE       _BUS_free_buffer_from_event
   13926 CODE       _async_isOpen       
   1392c CODE       _async_open_remote  
   139be CODE       _async_close_remote 
   139ec CODE       _async_send_data    
   13a52 CODE       _BUS_free_alarm     
   13a6a CODE       _BUS_timer_timeout_check
   13abe CODE       _BUS_alarm_ticker_update
   13bc6 CODE       _PMM_setVCoreUp     
   13cc0 CODE       _PMM_setVCoreDown   
   13d7a CODE       _PMM_setVCore       
   13dba CODE       _ctl_handle_error   
   13dcc CODE       _err_decode_arcbus  
   144b4 CODE       _BUS_error_str      
   14584 CODE       _BUS_cmdtostr       
   14730 CODE       _BUS_cmd_resptostr  
   147b6 CODE       _bus_flags_tostr    
   147d6 CODE       _bus_version_err_tostr
   14858 CODE       _reset_bor          
   1488a CODE       _main_return        
   1489e CODE       _startup_error_check
   14ae6 CODE       _err_register_handler
   14b9e CODE       _error_init         
   14bc0 CODE       _error_recording_start
   14c5c CODE       _set_error_level    
   14c68 CODE       __record_error      
   14d12 CODE       _record_error       
   14d56 CODE       _ERR_lev_str        
   14d94 CODE       _err_do_decode      
   14e1c CODE       _print_error        
   14e6a CODE       _report_error       
   14eaa CODE       _error_log_mem_replay
   14f2c CODE       _make_args          
   14f96 CODE       _helpCmd            
   15048 CODE       _doCmd              
   150cc CODE       _hist_incr          
   150d8 CODE       _hist_decr          
   150e4 CODE       _terminal           
   1539c CODE       _I2C_addr_lookup    
   153e4 CODE       _I2C_addr_revlookup 
   1541c CODE       _getI2C_addr        
   154e6 CODE       _restCmd            
   1559c CODE       _timeCmd            
   155b2 CODE       _txCmd              
   15730 CODE       _spiCmd             
   15842 CODE       _ARCsearch_Cmd      
   158f8 CODE       _ARClib_version_Cmd 
   1590a CODE       _errReq_Cmd         
   15aca CODE       _priorityCmd        
   15b7e CODE       _timesliceCmd       
   15be6 CODE       _stateName          
   15c68 CODE       _statsCmd           
   15cca CODE       _stackCmd           
   15d1c CODE       _UCA2_init_UART     
   15df8 CODE       _UCA2_TxChar        
   15e34 CODE       _UCA2_Getc          
   15e50 CODE       ___int32_mul        
   15e72 CODE       ___int16_div        
   15e98 CODE       ___int16_mod        
   15ebe CODE       ___int16_mul        
   15ed4 CODE       ___int64_lsl        
   15ee6 CODE       ___int64_lsr        
   15f46 CODE       ___uint64_mod       
   15f66 CODE       ___uint16_div       
   15f7e CODE       ___uint16_mod       
   15f86 CODE       ___uint64_div       
   15fae CODE       ___uint64_divmod    
   15fea CODE       ___digit            
   16030 CODE       ___RAL_pow10        
   16086 CODE       ___strtoul          
   161a4 CODE       ___putc             
   161ee CODE       ___RAL_print_padding
   1620c CODE       ___RAL_pre_padding  
   16236 CODE       _abs                
   16246 CODE       _atoi               
   1626c CODE       _atol               
   16296 CODE       ___RAL_isctype      
   162b4 CODE       _isupper            
   162c6 CODE       _islower            
   162d8 CODE       _isdigit            
   162e8 CODE       _isspace            
   162f8 CODE       _iscntrl            
   1630a CODE       ___errno            
   16314 CODE       _getchar            
   16332 CODE       ___RAL_global_locale_category
   16402 CODE       _printf             
   1643e CODE       _puts               
   16478 CODE       _sprintf            
   164a8 CODE       _strcmp             
   164c8 CODE       _strcpy             
   164de CODE       _strlcpy            
   16522 CODE       _strnlen            
   1653c CODE       _strtol             
   165e8 CODE       _strtoul            
   1669c CODE       ___RAL_init_mbstate 
   166aa CODE       ___RAL_ascii_mbtowc 
   166f0 CODE       ___RAL_ascii_wctomb 
   16718 CODE       _memcpy             
   16728 CODE       _memset             
   16738 CODE       _strlen             
   16748 CODE       ___float32_isinf    
   16762 CODE       ___float32_isnan    
   1677a CODE       ___float32_signbit  
   1678a CODE       ___uint64_to_float32
   168ae CODE       ___float32_to_int64 
   16960 CODE       ___float32_add      
   16a52 CODE       ___float32_sub      
   16a5e CODE       ___float32_mul      
   16b36 CODE       ___float32_div      
   16bf4 CODE       ___float32_lt       
   16c10 CODE       ___float32_eq       
   16c20 CODE       _modff              
   16cb6 CODE       _floor              
   16cb6 CODE       _floorf             
   16d86 CODE       _fmodf              
   16d86 CODE       _fmod               
   16ef8 CODE       _fabsf              
   16efe CODE       _ldexp              
   16f3a CODE       _frexp              
