
SYMBOLS BY NAME

      80            CTL_IRQ_STACK_SIZE  
    40fe UDATA0     _ARC_bus_helper_task
    431e UDATA0     _ARC_bus_task       
   135c8 CODE       _ARC_setup          
    d665 CONST      _ARClib_version     
   162b0 CODE       _ARClib_version_Cmd 
    d678 CONST      _ARClib_vstruct     
   161fa CODE       _ARCsearch_Cmd      
   12e40 CODE       _BUS_I2C_release    
    411a UDATA0     _BUS_INT_events     
   12dde CODE       _BUS_OA_check       
   13174 CODE       _BUS_SPI_txrx       
   12d6e CODE       _BUS_addr_to_flags  
   14476 CODE       _BUS_alarm_ticker_update
   12dc4 CODE       _BUS_cmd_init       
   150e8 CODE       _BUS_cmd_resptostr  
   12edc CODE       _BUS_cmd_tx         
   14f3c CODE       _BUS_cmdtostr       
   133e6 CODE       _BUS_delay_usec     
   14e6c CODE       _BUS_error_str      
   12cf8 CODE       _BUS_flags_to_addr  
   1440a CODE       _BUS_free_alarm     
   142c6 CODE       _BUS_free_buffer    
   142d0 CODE       _BUS_free_buffer_from_event
   12c7c CODE       _BUS_get_OA         
   1429e CODE       _BUS_get_buffer     
   14298 CODE       _BUS_get_buffer_size
    411c UDATA0     _BUS_helper_events  
   1428e CODE       _BUS_init_buffer    
    411e UDATA0     _BUS_stack          
    532a THREAD     _BUS_thread_addr_flags
   14422 CODE       _BUS_timer_timeout_check
    fcc2 CODE       _COMM_events        
    3e54 UDATA0     _COMM_evt           
    2406 UDATA0     _COMM_sys_stack     
    45be UDATA0     _DMA_events         
    c60c ISR        _DMA_int            
   1570e CODE       _ERR_lev_str        
   15d54 CODE       _I2C_addr_lookup    
   15d9c CODE       _I2C_addr_revlookup 
    c876 ISR        _I2C_dat            
    437e UDATA0     _I2C_rx_buf         
    437c UDATA0     _I2C_rx_in          
    437a UDATA0     _I2C_rx_out         
    5318 UDATA0     _I2C_stat           
   14732 CODE       _PMM_setVCore       
   14678 CODE       _PMM_setVCoreDown   
   1457e CODE       _PMM_setVCoreUp     
    d473 CONST      _Packet_NoBit       
    c028 ISR        _Port1_ISR          
   10936 CODE       _RF_Send_Packet     
   10630 CODE       _Radio_Interrupt_Setup
   10746 CODE       _Radio_Read_Burst_Registers
   1070a CODE       _Radio_Read_Registers
   107b0 CODE       _Radio_Read_Status  
   107ec CODE       _Radio_Strobe       
   10848 CODE       _Radio_Write_Burst_Registers
   10816 CODE       _Radio_Write_Registers
   10892 CODE       _Reset_Radio        
    3bca UDATA0     _RxTemp             
   134fc CODE       _SPI_deactivate     
   134c8 CODE       _SPI_master_setup   
   134e2 CODE       _SPI_slave_setup    
    4356 UDATA0     _SUB_events         
    c6d2 ISR        _SYS_NMI            
   10928 CODE       _TI_CC_Wait         
    3bee UDATA0     _Tx1Buffer          
    3bec UDATA0     _Tx1Buffer_Len      
    1c06 IDATA0     _TxBufferPos        
    3bea UDATA0     _TxBytesRemaining   
    3e56 UDATA0     _Tx_Flag            
   16808 CODE       _UCA2_CheckKey      
   167ec CODE       _UCA2_Getc          
    c814 ISR        _UCA2_ISR           
    51ce UDATA0     _UCA2_RxBuf         
    5272 UDATA0     _UCA2_TxBuf         
   167b0 CODE       _UCA2_TxChar        
   166d4 CODE       _UCA2_init_UART     
   1096c CODE       _Write_RF_Settings  
    f2d8 CONST      ___RAL_ascii_ctype_map
   170b0 CODE       ___RAL_ascii_mbtowc 
   170f6 CODE       ___RAL_ascii_wctomb 
    f4b2 CONST      ___RAL_c_locale     
    f3b0 CONST      ___RAL_c_locale_abbrev_day_names
    f424 CONST      ___RAL_c_locale_abbrev_month_names
    f455 CONST      ___RAL_c_locale_am_pm_indicator
    f480 CONST      ___RAL_c_locale_data
    f45c CONST      ___RAL_c_locale_date_format
    f46e CONST      ___RAL_c_locale_date_time_format
    f376 CONST      ___RAL_c_locale_day_names
    f3cd CONST      ___RAL_c_locale_month_names
    f465 CONST      ___RAL_c_locale_time_format
    f366 CONST      ___RAL_codeset_ascii
    f47f CONST      ___RAL_data_empty_string
    f47d CONST      ___RAL_data_utf8_period
    1c2c IDATA0     ___RAL_global_locale
   16d38 CODE       ___RAL_global_locale_category
    f2af CONST      ___RAL_hex_lc       
    f29f CONST      ___RAL_hex_uc       
   170a2 CODE       ___RAL_init_mbstate 
   16c9c CODE       ___RAL_isctype      
   16a36 CODE       ___RAL_pow10        
   16c12 CODE       ___RAL_pre_padding  
   16bf4 CODE       ___RAL_print_padding
   12bce CODE       ___RAL_read_tp      
    1c00            ___RAM_Address      
    8000            ___RAM_Size         
    1c00            ___begin_IDATA0     
    532a            ___begin_THREAD     
    1c36            ___begin_UDATA0     
     4c0            ___crt_mpy          
     4d2            ___crt_mpy32h       
     4d0            ___crt_mpy32l       
     4c8            ___crt_op2          
     4e2            ___crt_op2h         
     4e0            ___crt_op2l         
     4e4            ___crt_res0         
     4e6            ___crt_res1         
     4e8            ___crt_res2         
     4ea            ___crt_res3         
     4ca            ___crt_reslo        
   169f0 CODE       ___digit            
    1c36            ___end_IDATA0       
    532e            ___end_THREAD       
    532a            ___end_UDATA0       
   16d10 CODE       ___errno            
   17366 CODE       ___float32_add      
   1753c CODE       ___float32_div      
   17616 CODE       ___float32_eq       
   1714e CODE       ___float32_isinf    
   17168 CODE       ___float32_isnan    
   175fa CODE       ___float32_lt       
   17464 CODE       ___float32_mul      
    f4ba CONST      ___float32_nan      
   17180 CODE       ___float32_signbit  
   17458 CODE       ___float32_sub      
   172b4 CODE       ___float32_to_int64 
    f4ce CODE       ___getchar          
   16846 CODE       ___int16_div        
   1686c CODE       ___int16_mod        
   16892 CODE       ___int16_mul        
   16824 CODE       ___int32_mul        
   168a8 CODE       ___int64_lsl        
   168ba CODE       ___int64_lsr        
   122e0 CODE       ___printf_lock      
   122fc CODE       ___printf_unlock    
   16baa CODE       ___putc             
    f4be CODE       ___putchar          
   16a8c CODE       ___strtoul          
    c7fc ISR        ___thunk_ARClib_version_Cmd
    c7f8 ISR        ___thunk_ARCsearch_Cmd
    c024 ISR        ___thunk_COMM_events
    c968 ISR        ___thunk___RAL_ascii_mbtowc
    c96c ISR        ___thunk___RAL_ascii_wctomb
    c000 ISR        ___thunk___putchar  
    c800 ISR        ___thunk_errReq_Cmd 
    c7dc ISR        ___thunk_err_decode_arcbus
    c7e0 ISR        ___thunk_helpCmd    
    c014 ISR        ___thunk_powerCmd   
    c804 ISR        ___thunk_priorityCmd
    c008 ISR        ___thunk_readReg    
    c7e8 ISR        ___thunk_restCmd    
    c7f4 ISR        ___thunk_spiCmd     
    c810 ISR        ___thunk_stackCmd   
    c80c ISR        ___thunk_statsCmd   
    c00c ISR        ___thunk_status_Cmd 
    c010 ISR        ___thunk_streamCmd  
    c020 ISR        ___thunk_sub_events 
    c7e4 ISR        ___thunk_terminal   
    c7ec ISR        ___thunk_timeCmd    
    c808 ISR        ___thunk_timesliceCmd
    c018 ISR        ___thunk_transmitTestCmd
    c01c ISR        ___thunk_transmit_test2
    c7f0 ISR        ___thunk_txCmd      
    c004 ISR        ___thunk_writeReg   
   1693a CODE       ___uint16_div       
   16952 CODE       ___uint16_mod       
   1695a CODE       ___uint32_div       
   16964 CODE       ___uint32_divmod    
   1698c CODE       ___uint64_div       
   169b4 CODE       ___uint64_divmod    
   1691a CODE       ___uint64_mod       
   17190 CODE       ___uint64_to_float32
    1c2a IDATA0     ___ungot            
    5328 UDATA0     ___user_format_extender
   10d44 CODE       ___vfprintf         
   10d44 CODE       ___vfprintf_float_long_long
   15620 CODE       __record_error      
   16c3c CODE       _abs                
   12e14 CODE       _addr_chk           
    4c12 UDATA0     _alarms             
    4358 UDATA0     _arcBus_stat        
    1c1e IDATA0     _async_addr         
   14376 CODE       _async_close_remote 
   142de CODE       _async_isOpen       
   142e4 CODE       _async_open_remote  
    4bf6 UDATA0     _async_rxQ          
   143a4 CODE       _async_send_data    
    1c20 IDATA0     _async_timer        
    4c04 UDATA0     _async_txQ          
   16c4c CODE       _atoi               
   16c72 CODE       _atol               
    1c02 IDATA0     _beacon_flag        
    1c00 IDATA0     _beacon_on          
    49c4 UDATA0     _buffer_mutex       
    ea6e CONST      _busAddrSym         
    c10e ISR        _bus_I2C_isr        
    c54a ISR        _bus_SPI_isr        
   1516e CODE       _bus_flags_tostr    
    c556 ISR        _bus_int            
    c68c ISR        _bus_resend         
   1518e CODE       _bus_version_err_tostr
    1c22 IDATA0     _closed_event       
    1c24 IDATA0     _closed_flag        
    1c1a IDATA0     _cmd_parse_list     
    c9f2 CONST      _cmd_tbl            
    3b76 UDATA0     _comm_task          
   13454 CODE       _crc16              
   13422 CODE       _crc7               
    3eec UDATA0     _crc_mutex          
   126fa CODE       _ctl_byte_queue_init
   12ac8 CODE       _ctl_byte_queue_post
   12842 CODE       _ctl_byte_queue_post_multi
   129e8 CODE       _ctl_byte_queue_post_multi_nb
   12b1c CODE       _ctl_byte_queue_post_nb
   12af6 CODE       _ctl_byte_queue_receive
   1291a CODE       _ctl_byte_queue_receive_multi
   12a58 CODE       _ctl_byte_queue_receive_multi_nb
   12b36 CODE       _ctl_byte_queue_receive_nb
    3e60 UDATA0     _ctl_current_time   
   12bf8 CODE       _ctl_enter_isr      
   12310 CODE       _ctl_events_init    
   124a4 CODE       _ctl_events_set_clear
   12324 CODE       _ctl_events_wait    
   12c2c CODE       _ctl_exit_isr       
   122c8 CODE       _ctl_get_current_time
   12c64 CODE       _ctl_global_interrupts_set
   14772 CODE       _ctl_handle_error   
   1224e CODE       _ctl_increment_tick_from_isr
    3e65 UDATA0     _ctl_interrupt_count
    3e5c UDATA0     _ctl_last_schedule_time
    1c0e IDATA0     _ctl_libc_mutex     
   12504 CODE       _ctl_mutex_init     
   12530 CODE       _ctl_mutex_lock     
   1251c CODE       _ctl_mutex_lock_uc  
   12634 CODE       _ctl_mutex_unlock   
   11f7e CODE       _ctl_private_add_to_task_list
   12420 CODE       _ctl_private_events_schedule
   12b4a CODE       _ctl_private_get_stack_start
   12b50 CODE       _ctl_private_get_thread_local_storage
   12b56 CODE       _ctl_private_init_registers
   12bb8 CODE       _ctl_private_init_thread_local_storage
   11fcc CODE       _ctl_private_remove_from_task_list
   12006 CODE       _ctl_private_reschedule
   12bdc CODE       _ctl_private_reschedule_from_api_call
    3e64 UDATA0     _ctl_reschedule_on_last_isr_exit
   121a6 CODE       _ctl_task_die       
    3e66 UDATA0     _ctl_task_executing 
   120de CODE       _ctl_task_init      
    3e68 UDATA0     _ctl_task_list      
   1211a CODE       _ctl_task_run       
   121ce CODE       _ctl_task_set_priority
    3e5a UDATA0     _ctl_task_switch_callout
    1c0c IDATA0     _ctl_time_increment 
   1220c CODE       _ctl_timeout_wait   
    1c08 IDATA0     _ctl_timeslice_period
    1c04 IDATA0     _data_mode          
    3e46 UDATA0     _data_seed          
   15a00 CODE       _doCmd              
   162c2 CODE       _errReq_Cmd         
   14784 CODE       _err_decode_arcbus  
   1574c CODE       _err_do_decode      
   1549e CODE       _err_register_handler
   15556 CODE       _error_init         
   15862 CODE       _error_log_mem_replay
   15578 CODE       _error_recording_start
   178fe CODE       _fabsf              
   176bc CODE       _floor              
   176bc CODE       _floorf             
   1778c CODE       _fmod               
   1778c CODE       _fmodf              
   17940 CODE       _frexp              
   15dd4 CODE       _getI2C_addr        
   13488 CODE       _get_ticker_time    
   16d1a CODE       _getchar            
   1594e CODE       _helpCmd            
    3f0a UDATA0     _helper_stack       
   15a90 CODE       _hist_decr          
   15a84 CODE       _hist_incr          
    433a UDATA0     _idle_task          
   1365c CODE       _initARCbus         
   1350c CODE       _initCLK            
   13572 CODE       _initSVS            
   13556 CODE       _init_timerA        
   16cfe CODE       _iscntrl            
   16cde CODE       _isdigit            
   16ccc CODE       _islower            
   16cee CODE       _isspace            
   16cba CODE       _isupper            
   17904 CODE       _ldexp              
    f4d4 CODE       _main               
   14244 CODE       _mainLoop           
   15242 CODE       _main_return        
   158e4 CODE       _make_args          
   1711e CODE       _memcpy             
   1712e CODE       _memset             
    c86a ISR        _mmc_ISR            
   17626 CODE       _modff              
    4c32 UDATA0     _next_idx           
    f7f8 CODE       _powerCmd           
    1c18 IDATA0     _powerState         
   157d4 CODE       _print_error        
   16e08 CODE       _printf             
   16482 CODE       _priorityCmd        
   16e44 CODE       _puts               
   106f0 CODE       _radio_SPI_desel    
   106d6 CODE       _radio_SPI_sel      
   1064a CODE       _radio_SPI_setup    
    3e58 UDATA0     _radio_select       
    f64e CODE       _readReg            
   1375a CODE       _readTA1            
   156ca CODE       _record_error       
   15822 CODE       _report_error       
   15210 CODE       _reset_bor          
   15e9e CODE       _restCmd            
    49ca UDATA0     _rxbuf              
    4c22 UDATA0     _saved_error        
   15614 CODE       _set_error_level    
   1069c CODE       _set_radio_path     
   134a0 CODE       _setget_ticker_time 
   160e8 CODE       _spiCmd             
   16e7e CODE       _sprintf            
   16682 CODE       _stackCmd           
   1356a CODE       _start_timerA       
   15256 CODE       _startup_error_check
    3be8 UDATA0     _state              
   1659e CODE       _stateName          
   16620 CODE       _statsCmd           
    3e48 UDATA0     _status             
    f6c6 CODE       _status_Cmd         
   16eae CODE       _strcmp             
   16ece CODE       _strcpy             
    f76a CODE       _streamCmd          
   16ee4 CODE       _strlcpy            
   1713e CODE       _strlen             
   16f28 CODE       _strnlen            
   16f42 CODE       _strtol             
   16fee CODE       _strtoul            
    fbba CODE       _sub_events         
    1c36 UDATA0     _sub_stack          
    3b92 UDATA0     _sub_task           
    c652 ISR        _task_tick          
   15a9c CODE       _terminal           
    2bd6 UDATA0     _terminal_stack     
    3bae UDATA0     _terminal_task      
    3ef2 UDATA0     _ticker_time        
   15f54 CODE       _timeCmd            
   16536 CODE       _timesliceCmd       
    fb52 CODE       _transmitTestCmd    
    fb80 CODE       _transmit_test2     
   15f6a CODE       _txCmd              
    fc7c CODE       _tx_data_gen        
    4af6 UDATA0     _txbuf              
    f5c4 CODE       _writeReg           
    d6be CONST      thread_init_begin   
    d6c2 CONST      thread_init_end     


SYMBOLS BY VALUE

      80            CTL_IRQ_STACK_SIZE  
     4c0            ___crt_mpy          
     4c8            ___crt_op2          
     4ca            ___crt_reslo        
     4d0            ___crt_mpy32l       
     4d2            ___crt_mpy32h       
     4e0            ___crt_op2l         
     4e2            ___crt_op2h         
     4e4            ___crt_res0         
     4e6            ___crt_res1         
     4e8            ___crt_res2         
     4ea            ___crt_res3         
    1c00 IDATA0     _beacon_on          
    1c00            ___begin_IDATA0     
    1c00            ___RAM_Address      
    1c02 IDATA0     _beacon_flag        
    1c04 IDATA0     _data_mode          
    1c06 IDATA0     _TxBufferPos        
    1c08 IDATA0     _ctl_timeslice_period
    1c0c IDATA0     _ctl_time_increment 
    1c0e IDATA0     _ctl_libc_mutex     
    1c18 IDATA0     _powerState         
    1c1a IDATA0     _cmd_parse_list     
    1c1e IDATA0     _async_addr         
    1c20 IDATA0     _async_timer        
    1c22 IDATA0     _closed_event       
    1c24 IDATA0     _closed_flag        
    1c2a IDATA0     ___ungot            
    1c2c IDATA0     ___RAL_global_locale
    1c36 UDATA0     _sub_stack          
    1c36            ___begin_UDATA0     
    1c36            ___end_IDATA0       
    2406 UDATA0     _COMM_sys_stack     
    2bd6 UDATA0     _terminal_stack     
    3b76 UDATA0     _comm_task          
    3b92 UDATA0     _sub_task           
    3bae UDATA0     _terminal_task      
    3bca UDATA0     _RxTemp             
    3be8 UDATA0     _state              
    3bea UDATA0     _TxBytesRemaining   
    3bec UDATA0     _Tx1Buffer_Len      
    3bee UDATA0     _Tx1Buffer          
    3e46 UDATA0     _data_seed          
    3e48 UDATA0     _status             
    3e54 UDATA0     _COMM_evt           
    3e56 UDATA0     _Tx_Flag            
    3e58 UDATA0     _radio_select       
    3e5a UDATA0     _ctl_task_switch_callout
    3e5c UDATA0     _ctl_last_schedule_time
    3e60 UDATA0     _ctl_current_time   
    3e64 UDATA0     _ctl_reschedule_on_last_isr_exit
    3e65 UDATA0     _ctl_interrupt_count
    3e66 UDATA0     _ctl_task_executing 
    3e68 UDATA0     _ctl_task_list      
    3eec UDATA0     _crc_mutex          
    3ef2 UDATA0     _ticker_time        
    3f0a UDATA0     _helper_stack       
    40fe UDATA0     _ARC_bus_helper_task
    411a UDATA0     _BUS_INT_events     
    411c UDATA0     _BUS_helper_events  
    411e UDATA0     _BUS_stack          
    431e UDATA0     _ARC_bus_task       
    433a UDATA0     _idle_task          
    4356 UDATA0     _SUB_events         
    4358 UDATA0     _arcBus_stat        
    437a UDATA0     _I2C_rx_out         
    437c UDATA0     _I2C_rx_in          
    437e UDATA0     _I2C_rx_buf         
    45be UDATA0     _DMA_events         
    49c4 UDATA0     _buffer_mutex       
    49ca UDATA0     _rxbuf              
    4af6 UDATA0     _txbuf              
    4bf6 UDATA0     _async_rxQ          
    4c04 UDATA0     _async_txQ          
    4c12 UDATA0     _alarms             
    4c22 UDATA0     _saved_error        
    4c32 UDATA0     _next_idx           
    51ce UDATA0     _UCA2_RxBuf         
    5272 UDATA0     _UCA2_TxBuf         
    5318 UDATA0     _I2C_stat           
    5328 UDATA0     ___user_format_extender
    532a            ___begin_THREAD     
    532a THREAD     _BUS_thread_addr_flags
    532a            ___end_UDATA0       
    532e            ___end_THREAD       
    8000            ___RAM_Size         
    c000 ISR        ___thunk___putchar  
    c004 ISR        ___thunk_writeReg   
    c008 ISR        ___thunk_readReg    
    c00c ISR        ___thunk_status_Cmd 
    c010 ISR        ___thunk_streamCmd  
    c014 ISR        ___thunk_powerCmd   
    c018 ISR        ___thunk_transmitTestCmd
    c01c ISR        ___thunk_transmit_test2
    c020 ISR        ___thunk_sub_events 
    c024 ISR        ___thunk_COMM_events
    c028 ISR        _Port1_ISR          
    c10e ISR        _bus_I2C_isr        
    c54a ISR        _bus_SPI_isr        
    c556 ISR        _bus_int            
    c60c ISR        _DMA_int            
    c652 ISR        _task_tick          
    c68c ISR        _bus_resend         
    c6d2 ISR        _SYS_NMI            
    c7dc ISR        ___thunk_err_decode_arcbus
    c7e0 ISR        ___thunk_helpCmd    
    c7e4 ISR        ___thunk_terminal   
    c7e8 ISR        ___thunk_restCmd    
    c7ec ISR        ___thunk_timeCmd    
    c7f0 ISR        ___thunk_txCmd      
    c7f4 ISR        ___thunk_spiCmd     
    c7f8 ISR        ___thunk_ARCsearch_Cmd
    c7fc ISR        ___thunk_ARClib_version_Cmd
    c800 ISR        ___thunk_errReq_Cmd 
    c804 ISR        ___thunk_priorityCmd
    c808 ISR        ___thunk_timesliceCmd
    c80c ISR        ___thunk_statsCmd   
    c810 ISR        ___thunk_stackCmd   
    c814 ISR        _UCA2_ISR           
    c86a ISR        _mmc_ISR            
    c876 ISR        _I2C_dat            
    c968 ISR        ___thunk___RAL_ascii_mbtowc
    c96c ISR        ___thunk___RAL_ascii_wctomb
    c9f2 CONST      _cmd_tbl            
    d473 CONST      _Packet_NoBit       
    d665 CONST      _ARClib_version     
    d678 CONST      _ARClib_vstruct     
    d6be CONST      thread_init_begin   
    d6c2 CONST      thread_init_end     
    ea6e CONST      _busAddrSym         
    f29f CONST      ___RAL_hex_uc       
    f2af CONST      ___RAL_hex_lc       
    f2d8 CONST      ___RAL_ascii_ctype_map
    f366 CONST      ___RAL_codeset_ascii
    f376 CONST      ___RAL_c_locale_day_names
    f3b0 CONST      ___RAL_c_locale_abbrev_day_names
    f3cd CONST      ___RAL_c_locale_month_names
    f424 CONST      ___RAL_c_locale_abbrev_month_names
    f455 CONST      ___RAL_c_locale_am_pm_indicator
    f45c CONST      ___RAL_c_locale_date_format
    f465 CONST      ___RAL_c_locale_time_format
    f46e CONST      ___RAL_c_locale_date_time_format
    f47d CONST      ___RAL_data_utf8_period
    f47f CONST      ___RAL_data_empty_string
    f480 CONST      ___RAL_c_locale_data
    f4b2 CONST      ___RAL_c_locale     
    f4ba CONST      ___float32_nan      
    f4be CODE       ___putchar          
    f4ce CODE       ___getchar          
    f4d4 CODE       _main               
    f5c4 CODE       _writeReg           
    f64e CODE       _readReg            
    f6c6 CODE       _status_Cmd         
    f76a CODE       _streamCmd          
    f7f8 CODE       _powerCmd           
    fb52 CODE       _transmitTestCmd    
    fb80 CODE       _transmit_test2     
    fbba CODE       _sub_events         
    fc7c CODE       _tx_data_gen        
    fcc2 CODE       _COMM_events        
   10630 CODE       _Radio_Interrupt_Setup
   1064a CODE       _radio_SPI_setup    
   1069c CODE       _set_radio_path     
   106d6 CODE       _radio_SPI_sel      
   106f0 CODE       _radio_SPI_desel    
   1070a CODE       _Radio_Read_Registers
   10746 CODE       _Radio_Read_Burst_Registers
   107b0 CODE       _Radio_Read_Status  
   107ec CODE       _Radio_Strobe       
   10816 CODE       _Radio_Write_Registers
   10848 CODE       _Radio_Write_Burst_Registers
   10892 CODE       _Reset_Radio        
   10928 CODE       _TI_CC_Wait         
   10936 CODE       _RF_Send_Packet     
   1096c CODE       _Write_RF_Settings  
   10d44 CODE       ___vfprintf_float_long_long
   10d44 CODE       ___vfprintf         
   11f7e CODE       _ctl_private_add_to_task_list
   11fcc CODE       _ctl_private_remove_from_task_list
   12006 CODE       _ctl_private_reschedule
   120de CODE       _ctl_task_init      
   1211a CODE       _ctl_task_run       
   121a6 CODE       _ctl_task_die       
   121ce CODE       _ctl_task_set_priority
   1220c CODE       _ctl_timeout_wait   
   1224e CODE       _ctl_increment_tick_from_isr
   122c8 CODE       _ctl_get_current_time
   122e0 CODE       ___printf_lock      
   122fc CODE       ___printf_unlock    
   12310 CODE       _ctl_events_init    
   12324 CODE       _ctl_events_wait    
   12420 CODE       _ctl_private_events_schedule
   124a4 CODE       _ctl_events_set_clear
   12504 CODE       _ctl_mutex_init     
   1251c CODE       _ctl_mutex_lock_uc  
   12530 CODE       _ctl_mutex_lock     
   12634 CODE       _ctl_mutex_unlock   
   126fa CODE       _ctl_byte_queue_init
   12842 CODE       _ctl_byte_queue_post_multi
   1291a CODE       _ctl_byte_queue_receive_multi
   129e8 CODE       _ctl_byte_queue_post_multi_nb
   12a58 CODE       _ctl_byte_queue_receive_multi_nb
   12ac8 CODE       _ctl_byte_queue_post
   12af6 CODE       _ctl_byte_queue_receive
   12b1c CODE       _ctl_byte_queue_post_nb
   12b36 CODE       _ctl_byte_queue_receive_nb
   12b4a CODE       _ctl_private_get_stack_start
   12b50 CODE       _ctl_private_get_thread_local_storage
   12b56 CODE       _ctl_private_init_registers
   12bb8 CODE       _ctl_private_init_thread_local_storage
   12bce CODE       ___RAL_read_tp      
   12bdc CODE       _ctl_private_reschedule_from_api_call
   12bf8 CODE       _ctl_enter_isr      
   12c2c CODE       _ctl_exit_isr       
   12c64 CODE       _ctl_global_interrupts_set
   12c7c CODE       _BUS_get_OA         
   12cf8 CODE       _BUS_flags_to_addr  
   12d6e CODE       _BUS_addr_to_flags  
   12dc4 CODE       _BUS_cmd_init       
   12dde CODE       _BUS_OA_check       
   12e14 CODE       _addr_chk           
   12e40 CODE       _BUS_I2C_release    
   12edc CODE       _BUS_cmd_tx         
   13174 CODE       _BUS_SPI_txrx       
   133e6 CODE       _BUS_delay_usec     
   13422 CODE       _crc7               
   13454 CODE       _crc16              
   13488 CODE       _get_ticker_time    
   134a0 CODE       _setget_ticker_time 
   134c8 CODE       _SPI_master_setup   
   134e2 CODE       _SPI_slave_setup    
   134fc CODE       _SPI_deactivate     
   1350c CODE       _initCLK            
   13556 CODE       _init_timerA        
   1356a CODE       _start_timerA       
   13572 CODE       _initSVS            
   135c8 CODE       _ARC_setup          
   1365c CODE       _initARCbus         
   1375a CODE       _readTA1            
   14244 CODE       _mainLoop           
   1428e CODE       _BUS_init_buffer    
   14298 CODE       _BUS_get_buffer_size
   1429e CODE       _BUS_get_buffer     
   142c6 CODE       _BUS_free_buffer    
   142d0 CODE       _BUS_free_buffer_from_event
   142de CODE       _async_isOpen       
   142e4 CODE       _async_open_remote  
   14376 CODE       _async_close_remote 
   143a4 CODE       _async_send_data    
   1440a CODE       _BUS_free_alarm     
   14422 CODE       _BUS_timer_timeout_check
   14476 CODE       _BUS_alarm_ticker_update
   1457e CODE       _PMM_setVCoreUp     
   14678 CODE       _PMM_setVCoreDown   
   14732 CODE       _PMM_setVCore       
   14772 CODE       _ctl_handle_error   
   14784 CODE       _err_decode_arcbus  
   14e6c CODE       _BUS_error_str      
   14f3c CODE       _BUS_cmdtostr       
   150e8 CODE       _BUS_cmd_resptostr  
   1516e CODE       _bus_flags_tostr    
   1518e CODE       _bus_version_err_tostr
   15210 CODE       _reset_bor          
   15242 CODE       _main_return        
   15256 CODE       _startup_error_check
   1549e CODE       _err_register_handler
   15556 CODE       _error_init         
   15578 CODE       _error_recording_start
   15614 CODE       _set_error_level    
   15620 CODE       __record_error      
   156ca CODE       _record_error       
   1570e CODE       _ERR_lev_str        
   1574c CODE       _err_do_decode      
   157d4 CODE       _print_error        
   15822 CODE       _report_error       
   15862 CODE       _error_log_mem_replay
   158e4 CODE       _make_args          
   1594e CODE       _helpCmd            
   15a00 CODE       _doCmd              
   15a84 CODE       _hist_incr          
   15a90 CODE       _hist_decr          
   15a9c CODE       _terminal           
   15d54 CODE       _I2C_addr_lookup    
   15d9c CODE       _I2C_addr_revlookup 
   15dd4 CODE       _getI2C_addr        
   15e9e CODE       _restCmd            
   15f54 CODE       _timeCmd            
   15f6a CODE       _txCmd              
   160e8 CODE       _spiCmd             
   161fa CODE       _ARCsearch_Cmd      
   162b0 CODE       _ARClib_version_Cmd 
   162c2 CODE       _errReq_Cmd         
   16482 CODE       _priorityCmd        
   16536 CODE       _timesliceCmd       
   1659e CODE       _stateName          
   16620 CODE       _statsCmd           
   16682 CODE       _stackCmd           
   166d4 CODE       _UCA2_init_UART     
   167b0 CODE       _UCA2_TxChar        
   167ec CODE       _UCA2_Getc          
   16808 CODE       _UCA2_CheckKey      
   16824 CODE       ___int32_mul        
   16846 CODE       ___int16_div        
   1686c CODE       ___int16_mod        
   16892 CODE       ___int16_mul        
   168a8 CODE       ___int64_lsl        
   168ba CODE       ___int64_lsr        
   1691a CODE       ___uint64_mod       
   1693a CODE       ___uint16_div       
   16952 CODE       ___uint16_mod       
   1695a CODE       ___uint32_div       
   16964 CODE       ___uint32_divmod    
   1698c CODE       ___uint64_div       
   169b4 CODE       ___uint64_divmod    
   169f0 CODE       ___digit            
   16a36 CODE       ___RAL_pow10        
   16a8c CODE       ___strtoul          
   16baa CODE       ___putc             
   16bf4 CODE       ___RAL_print_padding
   16c12 CODE       ___RAL_pre_padding  
   16c3c CODE       _abs                
   16c4c CODE       _atoi               
   16c72 CODE       _atol               
   16c9c CODE       ___RAL_isctype      
   16cba CODE       _isupper            
   16ccc CODE       _islower            
   16cde CODE       _isdigit            
   16cee CODE       _isspace            
   16cfe CODE       _iscntrl            
   16d10 CODE       ___errno            
   16d1a CODE       _getchar            
   16d38 CODE       ___RAL_global_locale_category
   16e08 CODE       _printf             
   16e44 CODE       _puts               
   16e7e CODE       _sprintf            
   16eae CODE       _strcmp             
   16ece CODE       _strcpy             
   16ee4 CODE       _strlcpy            
   16f28 CODE       _strnlen            
   16f42 CODE       _strtol             
   16fee CODE       _strtoul            
   170a2 CODE       ___RAL_init_mbstate 
   170b0 CODE       ___RAL_ascii_mbtowc 
   170f6 CODE       ___RAL_ascii_wctomb 
   1711e CODE       _memcpy             
   1712e CODE       _memset             
   1713e CODE       _strlen             
   1714e CODE       ___float32_isinf    
   17168 CODE       ___float32_isnan    
   17180 CODE       ___float32_signbit  
   17190 CODE       ___uint64_to_float32
   172b4 CODE       ___float32_to_int64 
   17366 CODE       ___float32_add      
   17458 CODE       ___float32_sub      
   17464 CODE       ___float32_mul      
   1753c CODE       ___float32_div      
   175fa CODE       ___float32_lt       
   17616 CODE       ___float32_eq       
   17626 CODE       _modff              
   176bc CODE       _floor              
   176bc CODE       _floorf             
   1778c CODE       _fmodf              
   1778c CODE       _fmod               
   178fe CODE       _fabsf              
   17904 CODE       _ldexp              
   17940 CODE       _frexp              
